#
# There is insufficient memory for the Java Runtime Environment to continue.
# Native memory allocation (malloc) failed to allocate 1593776 bytes. Error detail: Chunk::new
# Possible reasons:
#   The system is out of physical RAM or swap space
# Possible solutions:
#   Reduce memory load on the system
#   Increase physical memory or swap space
#   Check if swap backing store is full
#   Decrease Java heap size (-Xmx/-Xms)
#   Decrease number of Java threads
#   Decrease Java thread stack sizes (-Xss)
#   Set larger code cache with -XX:ReservedCodeCacheSize=
# This output file may be truncated or incomplete.
#
#  Out of Memory Error (arena.cpp:168), pid=12116, tid=13020
#
# JRE version: OpenJDK Runtime Environment Temurin-21.0.12.1+1 (21.0.12.1+1) (build 21.0.12.1+1-LTS)
# Java VM: OpenJDK 64-Bit Server VM Temurin-21.0.12.1+1 (21.0.12.1+1-LTS, mixed mode, sharing, tiered, compressed class ptrs, parallel gc, windows-amd64)
# No core dump will be written. Minidumps are not enabled by default on client versions of Windows
#

---------------  S U M M A R Y ------------

Command Line: --add-modules=ALL-SYSTEM --add-opens=java.base/java.util=ALL-UNNAMED --add-opens=java.base/java.lang=ALL-UNNAMED --add-opens=java.base/sun.nio.fs=ALL-UNNAMED -Declipse.application=org.eclipse.jdt.ls.core.id1 -Dosgi.bundles.defaultStartLevel=4 -Declipse.product=org.eclipse.jdt.ls.core.product -Djava.import.generatesMetadataFilesAtProjectRoot=false -Dm2e.project.cache.size=50 -DDetectVMInstallationsJob.disabled=true -Dfile.encoding=utf8 -XX:+UseParallelGC -XX:GCTimeRatio=4 -XX:AdaptiveSizePolicyWeight=90 -Dsun.zip.disableMemoryMapping=true -Xmx128G -Xms100m -Xlog:disable -javaagent:c:\Users\INFINITY\.vscode\extensions\redhat.java-1.56.0-win32-x64\lombok\lombok-1.18.39-4050.jar -XX:+HeapDumpOnOutOfMemoryError -XX:HeapDumpPath=c:\Users\INFINITY\AppData\Roaming\Code\User\workspaceStorage\f4913c80ee456328dc24c885f99a7559\redhat.java -Daether.dependencyCollector.impl=bf c:\Users\INFINITY\.vscode\extensions\redhat.java-1.56.0-win32-x64\server\plugins\org.eclipse.equinox.launcher_1.8.0.v20260804-1928.jar -configuration c:\Users\INFINITY\AppData\Roaming\Code\User\globalStorage\redhat.java\1.56.0\config_win -data c:\Users\INFINITY\AppData\Roaming\Code\User\workspaceStorage\f4913c80ee456328dc24c885f99a7559\redhat.java\jdt_ws --stdio

Host: 11th Gen Intel(R) Core(TM) i3-1115G4 @ 3.00GHz, 4 cores, 7G,  Windows 11 , 64 bit Build 26100 (10.0.26100.9444)
Time: Fri Oct  9 12:21:43 2026 India Standard Time elapsed time: 14.970281 seconds (0d 0h 0m 14s)

---------------  T H R E A D  ---------------

Current thread (0x0000022a5f54cf70):  JavaThread "C2 CompilerThread0" daemon [_thread_in_native, id=13020, stack(0x00000031adb00000,0x00000031adc00000) (1024K)]


Current CompileTask:
C2:14970 6636   !   4       java.nio.file.FileTreeWalker::next (144 bytes)

Stack: [0x00000031adb00000,0x00000031adc00000]
Native frames: (J=compiled Java code, j=interpreted, Vv=VM code, C=native code)
V  [jvm.dll+0x6d83e9]
V  [jvm.dll+0x8b5736]
V  [jvm.dll+0x8b7cee]
V  [jvm.dll+0x8b83d3]
V  [jvm.dll+0x284596]
V  [jvm.dll+0xc685d]
V  [jvm.dll+0xc6da1]
V  [jvm.dll+0x3bf151]
V  [jvm.dll+0x38b6d2]
V  [jvm.dll+0x38ab1a]
V  [jvm.dll+0x24c700]
V  [jvm.dll+0x24bce0]
V  [jvm.dll+0x1cb4ae]
V  [jvm.dll+0x25baad]
V  [jvm.dll+0x25a03a]
V  [jvm.dll+0x3f8aae]
V  [jvm.dll+0x8600cd]
V  [jvm.dll+0x6d6c1d]
C  [ucrtbase.dll+0x2cd30]
C  [KERNEL32.DLL+0x2cd87]
C  [ntdll.dll+0xacaec]


---------------  P R O C E S S  ---------------

Threads class SMR info:
_java_thread_list=0x0000022aa6a59940, length=30, elements={
0x000002094b6fc8f0, 0x0000022a5f539cf0, 0x0000022a5f53e240, 0x0000022a5f543300,
0x0000022a5f543d60, 0x0000022a5f547590, 0x0000022a5f54a8b0, 0x0000022a5f54cf70,
0x0000022a5f5c6c50, 0x0000022a5f5487e0, 0x0000022a5f54a220, 0x0000022a5f549500,
0x0000022a5f54af40, 0x0000022a5f54bc60, 0x0000022a5f548e70, 0x0000022a5f54b5d0,
0x0000022a5f549b90, 0x0000022aa6c92150, 0x0000022aa6c92e70, 0x0000022aa6c94220,
0x0000022aa6c91ac0, 0x0000022aa6c927e0, 0x0000022aa6c91430, 0x0000022aa6c90da0,
0x0000022aa6c955d0, 0x0000022aa6c948b0, 0x0000022aa6c962f0, 0x0000022aa6c93b90,
0x0000022aa6c93500, 0x0000022aa6c95c60
}

Java Threads: ( => current thread )
  0x000002094b6fc8f0 JavaThread "main"                              [_thread_blocked, id=12704, stack(0x00000031ad100000,0x00000031ad200000) (1024K)]
  0x0000022a5f539cf0 JavaThread "Reference Handler"          daemon [_thread_blocked, id=5904, stack(0x00000031ad500000,0x00000031ad600000) (1024K)]
  0x0000022a5f53e240 JavaThread "Finalizer"                  daemon [_thread_blocked, id=9884, stack(0x00000031ad600000,0x00000031ad700000) (1024K)]
  0x0000022a5f543300 JavaThread "Signal Dispatcher"          daemon [_thread_blocked, id=14700, stack(0x00000031ad700000,0x00000031ad800000) (1024K)]
  0x0000022a5f543d60 JavaThread "Attach Listener"            daemon [_thread_blocked, id=1136, stack(0x00000031ad800000,0x00000031ad900000) (1024K)]
  0x0000022a5f547590 JavaThread "Service Thread"             daemon [_thread_blocked, id=12064, stack(0x00000031ad900000,0x00000031ada00000) (1024K)]
  0x0000022a5f54a8b0 JavaThread "Monitor Deflation Thread"   daemon [_thread_blocked, id=12248, stack(0x00000031ada00000,0x00000031adb00000) (1024K)]
=>0x0000022a5f54cf70 JavaThread "C2 CompilerThread0"         daemon [_thread_in_native, id=13020, stack(0x00000031adb00000,0x00000031adc00000) (1024K)]
  0x0000022a5f5c6c50 JavaThread "C1 CompilerThread0"         daemon [_thread_blocked, id=13968, stack(0x00000031adc00000,0x00000031add00000) (1024K)]
  0x0000022a5f5487e0 JavaThread "Common-Cleaner"             daemon [_thread_blocked, id=7568, stack(0x00000031add00000,0x00000031ade00000) (1024K)]
  0x0000022a5f54a220 JavaThread "Notification Thread"        daemon [_thread_blocked, id=11752, stack(0x00000031ade00000,0x00000031adf00000) (1024K)]
  0x0000022a5f549500 JavaThread "Active Thread: Equinox Container: 2b88e658-58c9-41e4-9007-09dff68212d6"        [_thread_blocked, id=8644, stack(0x00000031ae200000,0x00000031ae300000) (1024K)]
  0x0000022a5f54af40 JavaThread "Refresh Thread: Equinox Container: 2b88e658-58c9-41e4-9007-09dff68212d6" daemon [_thread_blocked, id=10760, stack(0x00000031ae300000,0x00000031ae400000) (1024K)]
  0x0000022a5f54bc60 JavaThread "Framework Event Dispatcher: Equinox Container: 2b88e658-58c9-41e4-9007-09dff68212d6" daemon [_thread_blocked, id=9976, stack(0x00000031ae400000,0x00000031ae500000) (1024K)]
  0x0000022a5f548e70 JavaThread "Start Level: Equinox Container: 2b88e658-58c9-41e4-9007-09dff68212d6" daemon [_thread_blocked, id=10072, stack(0x00000031ae500000,0x00000031ae600000) (1024K)]
  0x0000022a5f54b5d0 JavaThread "Bundle File Closer"         daemon [_thread_blocked, id=6156, stack(0x00000031ae700000,0x00000031ae800000) (1024K)]
  0x0000022a5f549b90 JavaThread "SCR Component Actor"        daemon [_thread_blocked, id=4588, stack(0x00000031ae600000,0x00000031ae700000) (1024K)]
  0x0000022aa6c92150 JavaThread "Worker-JM"                         [_thread_blocked, id=4100, stack(0x00000031ae900000,0x00000031aea00000) (1024K)]
  0x0000022aa6c92e70 JavaThread "JNA Cleaner"                daemon [_thread_blocked, id=2180, stack(0x00000031ae800000,0x00000031ae900000) (1024K)]
  0x0000022aa6c94220 JavaThread "Worker-0"                          [_thread_blocked, id=11312, stack(0x00000031aea00000,0x00000031aeb00000) (1024K)]
  0x0000022aa6c91ac0 JavaThread "Worker-1: Java indexing... "        [_thread_blocked, id=7640, stack(0x00000031aeb00000,0x00000031aec00000) (1024K)]
  0x0000022aa6c927e0 JavaThread "Worker-2"                          [_thread_blocked, id=13212, stack(0x00000031aec00000,0x00000031aed00000) (1024K)]
  0x0000022aa6c91430 JavaThread "Java indexing"              daemon [_thread_in_native, id=3784, stack(0x00000031aed00000,0x00000031aee00000) (1024K)]
  0x0000022aa6c90da0 JavaThread "Worker-3"                          [_thread_blocked, id=15160, stack(0x00000031aee00000,0x00000031aef00000) (1024K)]
  0x0000022aa6c955d0 JavaThread "Worker-4: Initialize Workspace"        [_thread_in_Java, id=13388, stack(0x00000031af100000,0x00000031af200000) (1024K)]
  0x0000022aa6c948b0 JavaThread "Worker-5"                          [_thread_blocked, id=9336, stack(0x00000031af200000,0x00000031af300000) (1024K)]
  0x0000022aa6c962f0 JavaThread "pool-2-thread-1"                   [_thread_blocked, id=10652, stack(0x00000031af300000,0x00000031af400000) (1024K)]
  0x0000022aa6c93b90 JavaThread "WorkspaceEventsHandler"            [_thread_blocked, id=8084, stack(0x00000031af400000,0x00000031af500000) (1024K)]
  0x0000022aa6c93500 JavaThread "pool-1-thread-1"                   [_thread_blocked, id=7732, stack(0x00000031af500000,0x00000031af600000) (1024K)]
  0x0000022aa6c95c60 JavaThread "ProjectImportProgressReporter" daemon [_thread_blocked, id=15280, stack(0x00000031af600000,0x00000031af700000) (1024K)]
Total: 30

Other Threads:
  0x000002094b7bd060 VMThread "VM Thread"                           [id=10492, stack(0x00000031ad400000,0x00000031ad500000) (1024K)]
  0x000002094b768360 WatcherThread "VM Periodic Task Thread"        [id=10864, stack(0x00000031ad300000,0x00000031ad400000) (1024K)]
  0x000002094b71c910 WorkerThread "GC Thread#0"                     [id=10512, stack(0x00000031ad200000,0x00000031ad300000) (1024K)]
  0x0000022aa17e0840 WorkerThread "GC Thread#1"                     [id=13468, stack(0x00000031adf00000,0x00000031ae000000) (1024K)]
  0x0000022aa17e1760 WorkerThread "GC Thread#2"                     [id=3160, stack(0x00000031ae000000,0x00000031ae100000) (1024K)]
  0x0000022aa17ee670 WorkerThread "GC Thread#3"                     [id=6240, stack(0x00000031ae100000,0x00000031ae200000) (1024K)]
Total: 6

Threads with active compile tasks:
C2 CompilerThread0  15027 6636   !   4       java.nio.file.FileTreeWalker::next (144 bytes)
Total: 1

VM state: not at safepoint (normal execution)

VM Mutex/Monitor currently owned by a thread: None

CDS archive(s) mapped at: [0x0000022a60000000-0x0000022a60ba0000-0x0000022a60ba0000), size 12189696, SharedBaseAddress: 0x0000022a60000000, ArchiveRelocationMode: 1.
Compressed class space mapped at: 0x0000022a61000000-0x0000022aa1000000, reserved size: 1073741824
Narrow klass base: 0x0000022a60000000, Narrow klass shift: 0, Narrow klass range: 0x100000000

GC Precious Log:
 CardTable entry size: 512
 CPUs: 4 total, 4 available
 Memory: 7886M
 Large Page Support: Disabled
 NUMA Support: Disabled
 Compressed Oops: Disabled
 Alignments: Space 512K, Generation 512K, Heap 2M
 Heap Min Capacity: 100M
 Heap Initial Capacity: 100M
 Heap Max Capacity: 128G
 Pre-touch: Disabled
 Parallel Workers: 4

Heap:
 PSYoungGen      total 24576K, used 6239K [0x0000021eb4980000, 0x0000021eb6480000, 0x000002295f400000)
  eden space 22016K, 17% used [0x0000021eb4980000,0x0000021eb4d2fd68,0x0000021eb5f00000)
  from space 2560K, 96% used [0x0000021eb6200000,0x0000021eb6468010,0x0000021eb6480000)
  to   space 2560K, 0% used [0x0000021eb5f80000,0x0000021eb5f80000,0x0000021eb6200000)
 ParOldGen       total 68608K, used 39495K [0x000002095f400000, 0x0000020963700000, 0x0000021eb4980000)
  object space 68608K, 57% used [0x000002095f400000,0x0000020961a91f08,0x0000020963700000)
 Metaspace       used 49415K, committed 50496K, reserved 1114112K
  class space    used 5407K, committed 5824K, reserved 1048576K

Card table byte_map: [0x0000020900000000,0x0000020910010000] _byte_map_base: 0x00000207fb506000

Marking Bits: (ParMarkBitMap*) 0x00007ffae70044a0
 Begin Bits: [0x000002295f400000, 0x00000229df400000)
 End Bits:   [0x00000229df400000, 0x0000022a5f400000)

Polling page: 0x000002094b7d0000

Metaspace:

Usage:
  Non-class:     42.98 MB used.
      Class:      5.28 MB used.
       Both:     48.26 MB used.

Virtual space:
  Non-class space:       64.00 MB reserved,      43.62 MB ( 68%) committed,  1 nodes.
      Class space:        1.00 GB reserved,       5.69 MB ( <1%) committed,  1 nodes.
             Both:        1.06 GB reserved,      49.31 MB (  5%) committed. 

Chunk freelists:
   Non-Class:  3.44 MB
       Class:  10.12 MB
        Both:  13.56 MB

MaxMetaspaceSize: unlimited
CompressedClassSpaceSize: 1.00 GB
Initial GC threshold: 21.00 MB
Current GC threshold: 58.38 MB
CDS: on
 - commit_granule_bytes: 65536.
 - commit_granule_words: 8192.
 - virtual_space_node_default_size: 8388608.
 - enlarge_chunks_in_place: 1.
 - use_allocation_guard: 0.


Internal statistics:

num_allocs_failed_limit: 6.
num_arena_births: 860.
num_arena_deaths: 14.
num_vsnodes_births: 2.
num_vsnodes_deaths: 0.
num_space_committed: 789.
num_space_uncommitted: 0.
num_chunks_returned_to_freelist: 20.
num_chunks_taken_from_freelist: 3025.
num_chunk_merges: 12.
num_chunk_splits: 1907.
num_chunks_enlarged: 1143.
num_inconsistent_stats: 0.

CodeHeap 'non-profiled nmethods': size=120000Kb used=2912Kb max_used=2912Kb free=117088Kb
 bounds [0x0000020957cd0000, 0x0000020957fb0000, 0x000002095f200000]
CodeHeap 'profiled nmethods': size=120000Kb used=13014Kb max_used=13014Kb free=106985Kb
 bounds [0x0000020950200000, 0x0000020950ec0000, 0x0000020957730000]
CodeHeap 'non-nmethods': size=5760Kb used=1387Kb max_used=1419Kb free=4373Kb
 bounds [0x0000020957730000, 0x00000209579a0000, 0x0000020957cd0000]
CodeCache: size=245760Kb, used=17313Kb, max_used=17345Kb, free=228446Kb
 total_blobs=6875, nmethods=6194, adapters=587, full_count=0
Compilation: enabled, stopped_count=0, restarted_count=0

Compilation events (20 events):
Event: 14.921 Thread 0x0000022a5f5c6c50 nmethod 6706 0x0000020950eab610 code [0x0000020950eab7c0, 0x0000020950eab9d0]
Event: 14.959 Thread 0x0000022a5f5c6c50 6707       3       java.util.ImmutableCollections$AbstractImmutableList::hashCode (36 bytes)
Event: 14.959 Thread 0x0000022a5f5c6c50 nmethod 6707 0x0000020950eabb10 code [0x0000020950eabd00, 0x0000020950eac1e0]
Event: 14.962 Thread 0x0000022a5f5c6c50 6708       2       java.util.Collection::toArray (17 bytes)
Event: 14.962 Thread 0x0000022a5f5c6c50 nmethod 6708 0x0000020950eac390 code [0x0000020950eac540, 0x0000020950eac6f8]
Event: 14.962 Thread 0x0000022a5f5c6c50 6709       2       java.util.AbstractMap$1$1::hasNext (10 bytes)
Event: 14.963 Thread 0x0000022a5f5c6c50 nmethod 6709 0x0000020950eac810 code [0x0000020950eac9c0, 0x0000020950eacaf8]
Event: 14.963 Thread 0x0000022a5f5c6c50 6710       2       java.util.AbstractMap$1$1::next (18 bytes)
Event: 14.963 Thread 0x0000022a5f5c6c50 nmethod 6710 0x0000020950eacb90 code [0x0000020950eacd40, 0x0000020950eacef8]
Event: 14.963 Thread 0x0000022a5f5c6c50 6712       2       java.util.ImmutableCollections$MapN$MapNIterator::next (75 bytes)
Event: 14.963 Thread 0x0000022a5f5c6c50 nmethod 6712 0x0000020950ead010 code [0x0000020950ead200, 0x0000020950ead740]
Event: 14.963 Thread 0x0000022a5f5c6c50 6711       2       org.eclipse.jdt.internal.core.JarPackageFragmentRoot$$Lambda/0x0000022a615cb1f8::apply (8 bytes)
Event: 14.963 Thread 0x0000022a5f5c6c50 nmethod 6711 0x0000020950eada10 code [0x0000020950eadbc0, 0x0000020950eadd98]
Event: 14.963 Thread 0x0000022a5f5c6c50 6714       2       org.eclipse.jdt.internal.core.JavaElement::<init> (26 bytes)
Event: 14.964 Thread 0x0000022a5f5c6c50 nmethod 6714 0x0000020950eade90 code [0x0000020950eae040, 0x0000020950eae1c8]
Event: 14.964 Thread 0x0000022a5f5c6c50 6715       2       org.eclipse.jdt.internal.core.Openable::<init> (6 bytes)
Event: 14.964 Thread 0x0000022a5f5c6c50 nmethod 6715 0x0000020950eae290 code [0x0000020950eae440, 0x0000020950eae5c8]
Event: 14.964 Thread 0x0000022a5f5c6c50 6713       2       org.eclipse.jdt.internal.core.JrtPackageFragmentRoot::getPackageFragment (10 bytes)
Event: 14.964 Thread 0x0000022a5f5c6c50 nmethod 6713 0x0000020950eae690 code [0x0000020950eae840, 0x0000020950eaea18]
Event: 14.964 Thread 0x0000022a5f5c6c50 6716       2       org.eclipse.core.runtime.Path::toOSString (224 bytes)

GC Heap History (20 events):
Event: 10.876 GC heap before
{Heap before GC invocations=18 (full 2):
 PSYoungGen      total 25600K, used 22000K [0x0000021eb4980000, 0x0000021eb6480000, 0x000002295f400000)
  eden space 22016K, 99% used [0x0000021eb4980000,0x0000021eb5efc1f0,0x0000021eb5f00000)
  from space 3584K, 0% used [0x0000021eb5f00000,0x0000021eb5f00000,0x0000021eb6280000)
  to   space 1536K, 0% used [0x0000021eb6300000,0x0000021eb6300000,0x0000021eb6480000)
 ParOldGen       total 68608K, used 23936K [0x000002095f400000, 0x0000020963700000, 0x0000021eb4980000)
  object space 68608K, 34% used [0x000002095f400000,0x0000020960b601e8,0x0000020963700000)
 Metaspace       used 36499K, committed 37632K, reserved 1114112K
  class space    used 3843K, committed 4288K, reserved 1048576K
}
Event: 10.879 GC heap after
{Heap after GC invocations=18 (full 2):
 PSYoungGen      total 23552K, used 1522K [0x0000021eb4980000, 0x0000021eb6600000, 0x000002295f400000)
  eden space 22016K, 0% used [0x0000021eb4980000,0x0000021eb4980000,0x0000021eb5f00000)
  from space 1536K, 99% used [0x0000021eb6300000,0x0000021eb647ca98,0x0000021eb6480000)
  to   space 3584K, 0% used [0x0000021eb5f00000,0x0000021eb5f00000,0x0000021eb6280000)
 ParOldGen       total 68608K, used 25136K [0x000002095f400000, 0x0000020963700000, 0x0000021eb4980000)
  object space 68608K, 36% used [0x000002095f400000,0x0000020960c8c1e8,0x0000020963700000)
 Metaspace       used 36499K, committed 37632K, reserved 1114112K
  class space    used 3843K, committed 4288K, reserved 1048576K
}
Event: 11.052 GC heap before
{Heap before GC invocations=19 (full 2):
 PSYoungGen      total 23552K, used 23538K [0x0000021eb4980000, 0x0000021eb6600000, 0x000002295f400000)
  eden space 22016K, 100% used [0x0000021eb4980000,0x0000021eb5f00000,0x0000021eb5f00000)
  from space 1536K, 99% used [0x0000021eb6300000,0x0000021eb647ca98,0x0000021eb6480000)
  to   space 3584K, 0% used [0x0000021eb5f00000,0x0000021eb5f00000,0x0000021eb6280000)
 ParOldGen       total 68608K, used 25136K [0x000002095f400000, 0x0000020963700000, 0x0000021eb4980000)
  object space 68608K, 36% used [0x000002095f400000,0x0000020960c8c1e8,0x0000020963700000)
 Metaspace       used 38324K, committed 39424K, reserved 1114112K
  class space    used 4061K, committed 4480K, reserved 1048576K
}
Event: 11.055 GC heap after
{Heap after GC invocations=19 (full 2):
 PSYoungGen      total 23552K, used 1312K [0x0000021eb4980000, 0x0000021eb6380000, 0x000002295f400000)
  eden space 22016K, 0% used [0x0000021eb4980000,0x0000021eb4980000,0x0000021eb5f00000)
  from space 1536K, 85% used [0x0000021eb5f00000,0x0000021eb6048000,0x0000021eb6080000)
  to   space 2048K, 0% used [0x0000021eb6180000,0x0000021eb6180000,0x0000021eb6380000)
 ParOldGen       total 68608K, used 26512K [0x000002095f400000, 0x0000020963700000, 0x0000021eb4980000)
  object space 68608K, 38% used [0x000002095f400000,0x0000020960de42a8,0x0000020963700000)
 Metaspace       used 38324K, committed 39424K, reserved 1114112K
  class space    used 4061K, committed 4480K, reserved 1048576K
}
Event: 11.288 GC heap before
{Heap before GC invocations=20 (full 2):
 PSYoungGen      total 23552K, used 23328K [0x0000021eb4980000, 0x0000021eb6380000, 0x000002295f400000)
  eden space 22016K, 100% used [0x0000021eb4980000,0x0000021eb5f00000,0x0000021eb5f00000)
  from space 1536K, 85% used [0x0000021eb5f00000,0x0000021eb6048000,0x0000021eb6080000)
  to   space 2048K, 0% used [0x0000021eb6180000,0x0000021eb6180000,0x0000021eb6380000)
 ParOldGen       total 68608K, used 26512K [0x000002095f400000, 0x0000020963700000, 0x0000021eb4980000)
  object space 68608K, 38% used [0x000002095f400000,0x0000020960de42a8,0x0000020963700000)
 Metaspace       used 39959K, committed 41088K, reserved 1114112K
  class space    used 4270K, committed 4672K, reserved 1048576K
}
Event: 11.291 GC heap after
{Heap after GC invocations=20 (full 2):
 PSYoungGen      total 23552K, used 1216K [0x0000021eb4980000, 0x0000021eb6300000, 0x000002295f400000)
  eden space 22016K, 0% used [0x0000021eb4980000,0x0000021eb4980000,0x0000021eb5f00000)
  from space 1536K, 79% used [0x0000021eb6180000,0x0000021eb62b0000,0x0000021eb6300000)
  to   space 1536K, 0% used [0x0000021eb5f00000,0x0000021eb5f00000,0x0000021eb6080000)
 ParOldGen       total 68608K, used 27342K [0x000002095f400000, 0x0000020963700000, 0x0000021eb4980000)
  object space 68608K, 39% used [0x000002095f400000,0x0000020960eb3aa0,0x0000020963700000)
 Metaspace       used 39959K, committed 41088K, reserved 1114112K
  class space    used 4270K, committed 4672K, reserved 1048576K
}
Event: 11.660 GC heap before
{Heap before GC invocations=21 (full 2):
 PSYoungGen      total 23552K, used 23232K [0x0000021eb4980000, 0x0000021eb6300000, 0x000002295f400000)
  eden space 22016K, 100% used [0x0000021eb4980000,0x0000021eb5f00000,0x0000021eb5f00000)
  from space 1536K, 79% used [0x0000021eb6180000,0x0000021eb62b0000,0x0000021eb6300000)
  to   space 1536K, 0% used [0x0000021eb5f00000,0x0000021eb5f00000,0x0000021eb6080000)
 ParOldGen       total 68608K, used 27342K [0x000002095f400000, 0x0000020963700000, 0x0000021eb4980000)
  object space 68608K, 39% used [0x000002095f400000,0x0000020960eb3aa0,0x0000020963700000)
 Metaspace       used 42082K, committed 43264K, reserved 1114112K
  class space    used 4551K, committed 5056K, reserved 1048576K
}
Event: 11.665 GC heap after
{Heap after GC invocations=21 (full 2):
 PSYoungGen      total 23552K, used 1536K [0x0000021eb4980000, 0x0000021eb6500000, 0x000002295f400000)
  eden space 22016K, 0% used [0x0000021eb4980000,0x0000021eb4980000,0x0000021eb5f00000)
  from space 1536K, 100% used [0x0000021eb5f00000,0x0000021eb6080000,0x0000021eb6080000)
  to   space 3072K, 0% used [0x0000021eb6200000,0x0000021eb6200000,0x0000021eb6500000)
 ParOldGen       total 68608K, used 28583K [0x000002095f400000, 0x0000020963700000, 0x0000021eb4980000)
  object space 68608K, 41% used [0x000002095f400000,0x0000020960fe9c18,0x0000020963700000)
 Metaspace       used 42082K, committed 43264K, reserved 1114112K
  class space    used 4551K, committed 5056K, reserved 1048576K
}
Event: 12.381 GC heap before
{Heap before GC invocations=22 (full 2):
 PSYoungGen      total 23552K, used 23552K [0x0000021eb4980000, 0x0000021eb6500000, 0x000002295f400000)
  eden space 22016K, 100% used [0x0000021eb4980000,0x0000021eb5f00000,0x0000021eb5f00000)
  from space 1536K, 100% used [0x0000021eb5f00000,0x0000021eb6080000,0x0000021eb6080000)
  to   space 3072K, 0% used [0x0000021eb6200000,0x0000021eb6200000,0x0000021eb6500000)
 ParOldGen       total 68608K, used 28583K [0x000002095f400000, 0x0000020963700000, 0x0000021eb4980000)
  object space 68608K, 41% used [0x000002095f400000,0x0000020960fe9c18,0x0000020963700000)
 Metaspace       used 44154K, committed 45312K, reserved 1114112K
  class space    used 4826K, committed 5312K, reserved 1048576K
}
Event: 12.384 GC heap after
{Heap after GC invocations=22 (full 2):
 PSYoungGen      total 24064K, used 1653K [0x0000021eb4980000, 0x0000021eb6400000, 0x000002295f400000)
  eden space 22016K, 0% used [0x0000021eb4980000,0x0000021eb4980000,0x0000021eb5f00000)
  from space 2048K, 80% used [0x0000021eb6200000,0x0000021eb639d6d0,0x0000021eb6400000)
  to   space 2560K, 0% used [0x0000021eb5f00000,0x0000021eb5f00000,0x0000021eb6180000)
 ParOldGen       total 68608K, used 29995K [0x000002095f400000, 0x0000020963700000, 0x0000021eb4980000)
  object space 68608K, 43% used [0x000002095f400000,0x000002096114ac78,0x0000020963700000)
 Metaspace       used 44154K, committed 45312K, reserved 1114112K
  class space    used 4826K, committed 5312K, reserved 1048576K
}
Event: 13.088 GC heap before
{Heap before GC invocations=23 (full 2):
 PSYoungGen      total 24064K, used 23669K [0x0000021eb4980000, 0x0000021eb6400000, 0x000002295f400000)
  eden space 22016K, 100% used [0x0000021eb4980000,0x0000021eb5f00000,0x0000021eb5f00000)
  from space 2048K, 80% used [0x0000021eb6200000,0x0000021eb639d6d0,0x0000021eb6400000)
  to   space 2560K, 0% used [0x0000021eb5f00000,0x0000021eb5f00000,0x0000021eb6180000)
 ParOldGen       total 68608K, used 29995K [0x000002095f400000, 0x0000020963700000, 0x0000021eb4980000)
  object space 68608K, 43% used [0x000002095f400000,0x000002096114ac78,0x0000020963700000)
 Metaspace       used 46641K, committed 47744K, reserved 1114112K
  class space    used 5107K, committed 5568K, reserved 1048576K
}
Event: 13.091 GC heap after
{Heap after GC invocations=23 (full 2):
 PSYoungGen      total 23552K, used 1248K [0x0000021eb4980000, 0x0000021eb6280000, 0x000002295f400000)
  eden space 22016K, 0% used [0x0000021eb4980000,0x0000021eb4980000,0x0000021eb5f00000)
  from space 1536K, 81% used [0x0000021eb5f00000,0x0000021eb6038000,0x0000021eb6080000)
  to   space 1536K, 0% used [0x0000021eb6100000,0x0000021eb6100000,0x0000021eb6280000)
 ParOldGen       total 68608K, used 31466K [0x000002095f400000, 0x0000020963700000, 0x0000021eb4980000)
  object space 68608K, 45% used [0x000002095f400000,0x00000209612ba8a0,0x0000020963700000)
 Metaspace       used 46641K, committed 47744K, reserved 1114112K
  class space    used 5107K, committed 5568K, reserved 1048576K
}
Event: 14.130 GC heap before
{Heap before GC invocations=24 (full 2):
 PSYoungGen      total 23552K, used 23264K [0x0000021eb4980000, 0x0000021eb6280000, 0x000002295f400000)
  eden space 22016K, 100% used [0x0000021eb4980000,0x0000021eb5f00000,0x0000021eb5f00000)
  from space 1536K, 81% used [0x0000021eb5f00000,0x0000021eb6038000,0x0000021eb6080000)
  to   space 1536K, 0% used [0x0000021eb6100000,0x0000021eb6100000,0x0000021eb6280000)
 ParOldGen       total 68608K, used 31466K [0x000002095f400000, 0x0000020963700000, 0x0000021eb4980000)
  object space 68608K, 45% used [0x000002095f400000,0x00000209612ba8a0,0x0000020963700000)
 Metaspace       used 47391K, committed 48512K, reserved 1114112K
  class space    used 5181K, committed 5632K, reserved 1048576K
}
Event: 14.132 GC heap after
{Heap after GC invocations=24 (full 2):
 PSYoungGen      total 22528K, used 376K [0x0000021eb4980000, 0x0000021eb6180000, 0x000002295f400000)
  eden space 22016K, 0% used [0x0000021eb4980000,0x0000021eb4980000,0x0000021eb5f00000)
  from space 512K, 73% used [0x0000021eb6100000,0x0000021eb615e2e8,0x0000021eb6180000)
  to   space 1024K, 0% used [0x0000021eb5f80000,0x0000021eb5f80000,0x0000021eb6080000)
 ParOldGen       total 68608K, used 32590K [0x000002095f400000, 0x0000020963700000, 0x0000021eb4980000)
  object space 68608K, 47% used [0x000002095f400000,0x00000209613d3ad8,0x0000020963700000)
 Metaspace       used 47391K, committed 48512K, reserved 1114112K
  class space    used 5181K, committed 5632K, reserved 1048576K
}
Event: 14.580 GC heap before
{Heap before GC invocations=25 (full 2):
 PSYoungGen      total 22528K, used 22392K [0x0000021eb4980000, 0x0000021eb6180000, 0x000002295f400000)
  eden space 22016K, 100% used [0x0000021eb4980000,0x0000021eb5f00000,0x0000021eb5f00000)
  from space 512K, 73% used [0x0000021eb6100000,0x0000021eb615e2e8,0x0000021eb6180000)
  to   space 1024K, 0% used [0x0000021eb5f80000,0x0000021eb5f80000,0x0000021eb6080000)
 ParOldGen       total 68608K, used 32590K [0x000002095f400000, 0x0000020963700000, 0x0000021eb4980000)
  object space 68608K, 47% used [0x000002095f400000,0x00000209613d3ad8,0x0000020963700000)
 Metaspace       used 48686K, committed 49856K, reserved 1114112K
  class space    used 5309K, committed 5760K, reserved 1048576K
}
Event: 14.583 GC heap after
{Heap after GC invocations=25 (full 2):
 PSYoungGen      total 23040K, used 1011K [0x0000021eb4980000, 0x0000021eb6500000, 0x000002295f400000)
  eden space 22016K, 0% used [0x0000021eb4980000,0x0000021eb4980000,0x0000021eb5f00000)
  from space 1024K, 98% used [0x0000021eb5f80000,0x0000021eb607cd08,0x0000021eb6080000)
  to   space 3072K, 0% used [0x0000021eb6200000,0x0000021eb6200000,0x0000021eb6500000)
 ParOldGen       total 68608K, used 33900K [0x000002095f400000, 0x0000020963700000, 0x0000021eb4980000)
  object space 68608K, 49% used [0x000002095f400000,0x000002096151b088,0x0000020963700000)
 Metaspace       used 48686K, committed 49856K, reserved 1114112K
  class space    used 5309K, committed 5760K, reserved 1048576K
}
Event: 14.650 GC heap before
{Heap before GC invocations=26 (full 2):
 PSYoungGen      total 23040K, used 23027K [0x0000021eb4980000, 0x0000021eb6500000, 0x000002295f400000)
  eden space 22016K, 100% used [0x0000021eb4980000,0x0000021eb5f00000,0x0000021eb5f00000)
  from space 1024K, 98% used [0x0000021eb5f80000,0x0000021eb607cd08,0x0000021eb6080000)
  to   space 3072K, 0% used [0x0000021eb6200000,0x0000021eb6200000,0x0000021eb6500000)
 ParOldGen       total 68608K, used 34018K [0x000002095f400000, 0x0000020963700000, 0x0000021eb4980000)
  object space 68608K, 49% used [0x000002095f400000,0x0000020961538840,0x0000020963700000)
 Metaspace       used 48740K, committed 49920K, reserved 1114112K
  class space    used 5316K, committed 5760K, reserved 1048576K
}
Event: 14.657 GC heap after
{Heap after GC invocations=26 (full 2):
 PSYoungGen      total 24576K, used 2176K [0x0000021eb4980000, 0x0000021eb6480000, 0x000002295f400000)
  eden space 22016K, 0% used [0x0000021eb4980000,0x0000021eb4980000,0x0000021eb5f00000)
  from space 2560K, 85% used [0x0000021eb6200000,0x0000021eb6420010,0x0000021eb6480000)
  to   space 2560K, 0% used [0x0000021eb5f80000,0x0000021eb5f80000,0x0000021eb6200000)
 ParOldGen       total 68608K, used 34966K [0x000002095f400000, 0x0000020963700000, 0x0000021eb4980000)
  object space 68608K, 50% used [0x000002095f400000,0x0000020961625bb0,0x0000020963700000)
 Metaspace       used 48740K, committed 49920K, reserved 1114112K
  class space    used 5316K, committed 5760K, reserved 1048576K
}
Event: 14.774 GC heap before
{Heap before GC invocations=27 (full 2):
 PSYoungGen      total 24576K, used 24192K [0x0000021eb4980000, 0x0000021eb6480000, 0x000002295f400000)
  eden space 22016K, 100% used [0x0000021eb4980000,0x0000021eb5f00000,0x0000021eb5f00000)
  from space 2560K, 85% used [0x0000021eb6200000,0x0000021eb6420010,0x0000021eb6480000)
  to   space 2560K, 0% used [0x0000021eb5f80000,0x0000021eb5f80000,0x0000021eb6200000)
 ParOldGen       total 68608K, used 34966K [0x000002095f400000, 0x0000020963700000, 0x0000021eb4980000)
  object space 68608K, 50% used [0x000002095f400000,0x0000020961625bb0,0x0000020963700000)
 Metaspace       used 49358K, committed 50432K, reserved 1114112K
  class space    used 5403K, committed 5824K, reserved 1048576K
}
Event: 14.780 GC heap after
{Heap after GC invocations=27 (full 2):
 PSYoungGen      total 24576K, used 2532K [0x0000021eb4980000, 0x0000021eb6500000, 0x000002295f400000)
  eden space 22016K, 0% used [0x0000021eb4980000,0x0000021eb4980000,0x0000021eb5f00000)
  from space 2560K, 98% used [0x0000021eb5f80000,0x0000021eb61f9000,0x0000021eb6200000)
  to   space 3072K, 0% used [0x0000021eb6200000,0x0000021eb6200000,0x0000021eb6500000)
 ParOldGen       total 68608K, used 37051K [0x000002095f400000, 0x0000020963700000, 0x0000021eb4980000)
  object space 68608K, 54% used [0x000002095f400000,0x000002096182ecf8,0x0000020963700000)
 Metaspace       used 49358K, committed 50432K, reserved 1114112K
  class space    used 5403K, committed 5824K, reserved 1048576K
}

Dll operation events (20 events):
Event: 0.031 Attempting to load shared library c:\Users\INFINITY\.vscode\extensions\redhat.java-1.56.0-win32-x64\jre\21.0.12.1-win32-x86_64\bin\java.dll
Event: 0.031 Loaded shared library c:\Users\INFINITY\.vscode\extensions\redhat.java-1.56.0-win32-x64\jre\21.0.12.1-win32-x86_64\bin\java.dll
Event: 0.335 Attempting to load shared library c:\Users\INFINITY\.vscode\extensions\redhat.java-1.56.0-win32-x64\jre\21.0.12.1-win32-x86_64\bin\zip.dll
Event: 0.337 Loaded shared library c:\Users\INFINITY\.vscode\extensions\redhat.java-1.56.0-win32-x64\jre\21.0.12.1-win32-x86_64\bin\zip.dll
Event: 0.440 Attempting to load shared library C:\Users\INFINITY\.vscode\extensions\redhat.java-1.56.0-win32-x64\jre\21.0.12.1-win32-x86_64\bin\instrument.dll
Event: 0.440 Loaded shared library C:\Users\INFINITY\.vscode\extensions\redhat.java-1.56.0-win32-x64\jre\21.0.12.1-win32-x86_64\bin\instrument.dll
Event: 0.449 Attempting to load shared library C:\Users\INFINITY\.vscode\extensions\redhat.java-1.56.0-win32-x64\jre\21.0.12.1-win32-x86_64\bin\net.dll
Event: 0.454 Loaded shared library C:\Users\INFINITY\.vscode\extensions\redhat.java-1.56.0-win32-x64\jre\21.0.12.1-win32-x86_64\bin\net.dll
Event: 0.469 Attempting to load shared library C:\Users\INFINITY\.vscode\extensions\redhat.java-1.56.0-win32-x64\jre\21.0.12.1-win32-x86_64\bin\nio.dll
Event: 0.470 Loaded shared library C:\Users\INFINITY\.vscode\extensions\redhat.java-1.56.0-win32-x64\jre\21.0.12.1-win32-x86_64\bin\nio.dll
Event: 0.476 Attempting to load shared library C:\Users\INFINITY\.vscode\extensions\redhat.java-1.56.0-win32-x64\jre\21.0.12.1-win32-x86_64\bin\zip.dll
Event: 0.476 Loaded shared library C:\Users\INFINITY\.vscode\extensions\redhat.java-1.56.0-win32-x64\jre\21.0.12.1-win32-x86_64\bin\zip.dll
Event: 0.517 Attempting to load shared library C:\Users\INFINITY\.vscode\extensions\redhat.java-1.56.0-win32-x64\jre\21.0.12.1-win32-x86_64\bin\jimage.dll
Event: 0.517 Loaded shared library C:\Users\INFINITY\.vscode\extensions\redhat.java-1.56.0-win32-x64\jre\21.0.12.1-win32-x86_64\bin\jimage.dll
Event: 0.789 Attempting to load shared library c:\Users\INFINITY\.vscode\extensions\redhat.java-1.56.0-win32-x64\jre\21.0.12.1-win32-x86_64\bin\verify.dll
Event: 0.791 Loaded shared library c:\Users\INFINITY\.vscode\extensions\redhat.java-1.56.0-win32-x64\jre\21.0.12.1-win32-x86_64\bin\verify.dll
Event: 3.448 Attempting to load shared library C:\Users\INFINITY\AppData\Roaming\Code\User\globalStorage\redhat.java\1.56.0\config_win\org.eclipse.equinox.launcher\org.eclipse.equinox.launcher.win32.win32.x86_64_1.3.100.v20260804-1928\eclipse_11924.dll
Event: 3.454 Loaded shared library C:\Users\INFINITY\AppData\Roaming\Code\User\globalStorage\redhat.java\1.56.0\config_win\org.eclipse.equinox.launcher\org.eclipse.equinox.launcher.win32.win32.x86_64_1.3.100.v20260804-1928\eclipse_11924.dll
Event: 6.667 Attempting to load shared library C:\Users\INFINITY\AppData\Local\Temp\jna--1997742138\jna9880712186496684258.dll
Event: 7.171 Loaded shared library C:\Users\INFINITY\AppData\Local\Temp\jna--1997742138\jna9880712186496684258.dll

Deoptimization events (20 events):
Event: 14.546 Thread 0x0000022aa6c955d0 DEOPT PACKING pc=0x0000020957f49c6c sp=0x00000031af1fcbc0
Event: 14.546 Thread 0x0000022aa6c955d0 DEOPT UNPACKING pc=0x0000020957786da2 sp=0x00000031af1fcbb0 mode 2
Event: 14.546 Thread 0x0000022aa6c955d0 Uncommon trap: trap_request=0xffffff45 fr.pc=0x0000020957f614a8 relative=0x0000000000000388
Event: 14.546 Thread 0x0000022aa6c955d0 Uncommon trap: reason=unstable_if action=reinterpret pc=0x0000020957f614a8 method=java.util.regex.Pattern.escape(ZZZ)I @ 8 c2
Event: 14.546 Thread 0x0000022aa6c955d0 DEOPT PACKING pc=0x0000020957f614a8 sp=0x00000031af1fcb70
Event: 14.546 Thread 0x0000022aa6c955d0 DEOPT UNPACKING pc=0x0000020957786da2 sp=0x00000031af1fcb18 mode 2
Event: 14.546 Thread 0x0000022aa6c955d0 Uncommon trap: trap_request=0xffffff3d fr.pc=0x0000020957f4b410 relative=0x0000000000000390
Event: 14.546 Thread 0x0000022aa6c955d0 Uncommon trap: reason=unstable_fused_if action=reinterpret pc=0x0000020957f4b410 method=java.util.regex.Pattern.closure(Ljava/util/regex/Pattern$Node;)Ljava/util/regex/Pattern$Node; @ 6 c2
Event: 14.546 Thread 0x0000022aa6c955d0 DEOPT PACKING pc=0x0000020957f4b410 sp=0x00000031af1fcdc0
Event: 14.546 Thread 0x0000022aa6c955d0 DEOPT UNPACKING pc=0x0000020957786da2 sp=0x00000031af1fcd50 mode 2
Event: 14.546 Thread 0x0000022aa6c955d0 Uncommon trap: trap_request=0xffffff45 fr.pc=0x0000020957f3f198 relative=0x0000000000001018
Event: 14.546 Thread 0x0000022aa6c955d0 Uncommon trap: reason=unstable_if action=reinterpret pc=0x0000020957f3f198 method=java.util.regex.Pattern.compile()V @ 443 c2
Event: 14.546 Thread 0x0000022aa6c955d0 DEOPT PACKING pc=0x0000020957f3f198 sp=0x00000031af1fcf70
Event: 14.546 Thread 0x0000022aa6c955d0 DEOPT UNPACKING pc=0x0000020957786da2 sp=0x00000031af1fcf28 mode 2
Event: 14.645 Thread 0x0000022aa6c955d0 Uncommon trap: trap_request=0xffffff45 fr.pc=0x0000020957f979ec relative=0x00000000000012ec
Event: 14.645 Thread 0x0000022aa6c955d0 Uncommon trap: reason=unstable_if action=reinterpret pc=0x0000020957f979ec method=org.eclipse.jdt.internal.core.util.Util.splitOn(CLjava/lang/String;II)[Ljava/lang/String; @ 21 c2
Event: 14.645 Thread 0x0000022aa6c955d0 DEOPT PACKING pc=0x0000020957f979ec sp=0x00000031af1fdae0
Event: 14.645 Thread 0x0000022aa6c955d0 DEOPT UNPACKING pc=0x0000020957786da2 sp=0x00000031af1fdaa8 mode 2
Event: 14.793 Thread 0x0000022aa6c91430 DEOPT PACKING pc=0x0000020950745539 sp=0x00000031aedfd580
Event: 14.793 Thread 0x0000022aa6c91430 DEOPT UNPACKING pc=0x00000209577878e2 sp=0x00000031aedfca80 mode 0

Classes loaded (20 events):
Event: 14.409 Loading class sun/nio/ch/Util$4
Event: 14.409 Loading class sun/nio/ch/Util$4 done
Event: 14.439 Loading class java/nio/file/ClosedDirectoryStreamException
Event: 14.440 Loading class java/nio/file/ClosedDirectoryStreamException done
Event: 14.440 Loading class jdk/internal/jrtfs/JrtFileSystem
Event: 14.440 Loading class jdk/internal/jrtfs/JrtFileSystem done
Event: 14.440 Loading class jdk/internal/jrtfs/JrtPath
Event: 14.441 Loading class jdk/internal/jrtfs/JrtPath done
Event: 14.441 Loading class jdk/internal/jimage/ImageReader$Node
Event: 14.441 Loading class jdk/internal/jimage/ImageReader$Node done
Event: 14.447 Loading class java/nio/ByteBufferAsIntBufferL
Event: 14.447 Loading class java/nio/ByteBufferAsIntBufferL done
Event: 14.450 Loading class jdk/internal/jimage/ImageReader$Directory
Event: 14.450 Loading class jdk/internal/jimage/ImageReader$Directory done
Event: 14.732 Loading class java/util/AbstractList$ListItr
Event: 14.732 Loading class java/util/AbstractList$ListItr done
Event: 14.745 Loading class java/nio/channels/Channels$ReadableByteChannelImpl
Event: 14.745 Loading class java/nio/channels/Channels$ReadableByteChannelImpl done
Event: 14.746 Loading class java/nio/channels/NonWritableChannelException
Event: 14.746 Loading class java/nio/channels/NonWritableChannelException done

Classes unloaded (7 events):
Event: 8.871 Thread 0x000002094b7bd060 Unloading class 0x0000022a611a9c00 'java/lang/invoke/LambdaForm$MH+0x0000022a611a9c00'
Event: 8.871 Thread 0x000002094b7bd060 Unloading class 0x0000022a611a9800 'java/lang/invoke/LambdaForm$MH+0x0000022a611a9800'
Event: 8.871 Thread 0x000002094b7bd060 Unloading class 0x0000022a611a9400 'java/lang/invoke/LambdaForm$MH+0x0000022a611a9400'
Event: 8.871 Thread 0x000002094b7bd060 Unloading class 0x0000022a611a9000 'java/lang/invoke/LambdaForm$MH+0x0000022a611a9000'
Event: 8.871 Thread 0x000002094b7bd060 Unloading class 0x0000022a611a8c00 'java/lang/invoke/LambdaForm$BMH+0x0000022a611a8c00'
Event: 8.871 Thread 0x000002094b7bd060 Unloading class 0x0000022a611a8800 'java/lang/invoke/LambdaForm$DMH+0x0000022a611a8800'
Event: 8.871 Thread 0x000002094b7bd060 Unloading class 0x0000022a611a7400 'java/lang/invoke/LambdaForm$DMH+0x0000022a611a7400'

Classes redefined (0 events):
No events

Internal exceptions (20 events):
Event: 14.359 Thread 0x0000022aa6c955d0 Exception <a 'sun/nio/fs/WindowsException'{0x0000021eb4ddf960}> (0x0000021eb4ddf960) 
thrown [s\src\hotspot\share\prims\jni.cpp, line 520]
Event: 14.360 Thread 0x0000022aa6c955d0 Exception <a 'sun/nio/fs/WindowsException'{0x0000021eb4de2ee0}> (0x0000021eb4de2ee0) 
thrown [s\src\hotspot\share\prims\jni.cpp, line 520]
Event: 14.360 Thread 0x0000022aa6c955d0 Exception <a 'sun/nio/fs/WindowsException'{0x0000021eb4dec0c0}> (0x0000021eb4dec0c0) 
thrown [s\src\hotspot\share\prims\jni.cpp, line 520]
Event: 14.361 Thread 0x0000022aa6c955d0 Exception <a 'sun/nio/fs/WindowsException'{0x0000021eb4def5b0}> (0x0000021eb4def5b0) 
thrown [s\src\hotspot\share\prims\jni.cpp, line 520]
Event: 14.362 Thread 0x0000022aa6c955d0 Exception <a 'sun/nio/fs/WindowsException'{0x0000021eb4df2cc8}> (0x0000021eb4df2cc8) 
thrown [s\src\hotspot\share\prims\jni.cpp, line 520]
Event: 14.362 Thread 0x0000022aa6c955d0 Exception <a 'sun/nio/fs/WindowsException'{0x0000021eb4df75c8}> (0x0000021eb4df75c8) 
thrown [s\src\hotspot\share\prims\jni.cpp, line 520]
Event: 14.363 Thread 0x0000022aa6c955d0 Exception <a 'sun/nio/fs/WindowsException'{0x0000021eb4dfc598}> (0x0000021eb4dfc598) 
thrown [s\src\hotspot\share\prims\jni.cpp, line 520]
Event: 14.363 Thread 0x0000022aa6c955d0 Exception <a 'sun/nio/fs/WindowsException'{0x0000021eb4dffc90}> (0x0000021eb4dffc90) 
thrown [s\src\hotspot\share\prims\jni.cpp, line 520]
Event: 14.364 Thread 0x0000022aa6c955d0 Exception <a 'sun/nio/fs/WindowsException'{0x0000021eb4e04cc8}> (0x0000021eb4e04cc8) 
thrown [s\src\hotspot\share\prims\jni.cpp, line 520]
Event: 14.365 Thread 0x0000022aa6c955d0 Exception <a 'java/io/IOException'{0x0000021eb4e0cb10}> (0x0000021eb4e0cb10) 
thrown [s\src\hotspot\share\prims\jni.cpp, line 520]
Event: 14.365 Thread 0x0000022aa6c955d0 Exception <a 'java/io/IOException'{0x0000021eb4e0ced8}> (0x0000021eb4e0ced8) 
thrown [s\src\hotspot\share\prims\jni.cpp, line 520]
Event: 14.365 Thread 0x0000022aa6c955d0 Exception <a 'java/io/IOException'{0x0000021eb4e0d2a0}> (0x0000021eb4e0d2a0) 
thrown [s\src\hotspot\share\prims\jni.cpp, line 520]
Event: 14.365 Thread 0x0000022aa6c955d0 Exception <a 'java/io/IOException'{0x0000021eb4e0e288}> (0x0000021eb4e0e288) 
thrown [s\src\hotspot\share\prims\jni.cpp, line 520]
Event: 14.365 Thread 0x0000022aa6c955d0 Exception <a 'java/io/IOException'{0x0000021eb4e0e650}> (0x0000021eb4e0e650) 
thrown [s\src\hotspot\share\prims\jni.cpp, line 520]
Event: 14.365 Thread 0x0000022aa6c955d0 Exception <a 'java/io/IOException'{0x0000021eb4e0ea18}> (0x0000021eb4e0ea18) 
thrown [s\src\hotspot\share\prims\jni.cpp, line 520]
Event: 14.410 Thread 0x0000022aa6c955d0 Exception <a 'java/lang/NoSuchMethodError'{0x0000021eb508fb48}: 'java.lang.Object java.lang.invoke.DelegatingMethodHandle$Holder.reinvoke_L(java.lang.Object, int, long, java.lang.Object, java.lang.Object, int, java.lang.Object)'> (0x0000021eb508fb48) 
thrown [s\src\hotspot\share\interpreter\linkResolver.cpp, line 773]
Event: 14.539 Thread 0x0000022aa6c955d0 Exception <a 'java/lang/NoSuchMethodError'{0x0000021eb5904a20}: 'java.lang.Object java.lang.invoke.Invokers$Holder.invoke_MT(java.lang.Object, java.lang.Object, java.lang.Object, java.lang.Object, java.lang.Object, java.lang.Object, java.lang.Object, java.lang.Object, java.lang.Object, java.lang.Object)'> (0x0000021eb5904a20) 
thrown [s\src\hotspot\share\interpreter\linkResolver.cpp, line 773]
Event: 14.913 Thread 0x0000022aa6c95c60 Exception <a 'java/io/IOException'{0x0000021eb5c20758}> (0x0000021eb5c20758) 
thrown [s\src\hotspot\share\prims\jni.cpp, line 520]
Event: 14.913 Thread 0x0000022aa6c95c60 Exception <a 'java/io/IOException'{0x0000021eb5c20b20}> (0x0000021eb5c20b20) 
thrown [s\src\hotspot\share\prims\jni.cpp, line 520]
Event: 14.913 Thread 0x0000022aa6c95c60 Exception <a 'java/io/IOException'{0x0000021eb5c20ee8}> (0x0000021eb5c20ee8) 
thrown [s\src\hotspot\share\prims\jni.cpp, line 520]

ZGC Phase Switch (0 events):
No events

VM Operations (20 events):
Event: 14.399 Executing non-safepoint VM operation: HandshakeAllThreads (Deoptimize)
Event: 14.399 Executing non-safepoint VM operation: HandshakeAllThreads (Deoptimize) done
Event: 14.425 Executing non-safepoint VM operation: HandshakeAllThreads (Deoptimize)
Event: 14.439 Executing non-safepoint VM operation: HandshakeAllThreads (Deoptimize) done
Event: 14.448 Executing non-safepoint VM operation: HandshakeAllThreads (Deoptimize)
Event: 14.448 Executing non-safepoint VM operation: HandshakeAllThreads (Deoptimize) done
Event: 14.450 Executing non-safepoint VM operation: HandshakeAllThreads (Deoptimize)
Event: 14.450 Executing non-safepoint VM operation: HandshakeAllThreads (Deoptimize) done
Event: 14.490 Executing non-safepoint VM operation: HandshakeAllThreads (Deoptimize)
Event: 14.490 Executing non-safepoint VM operation: HandshakeAllThreads (Deoptimize) done
Event: 14.580 Executing safepoint VM operation: ParallelGCFailedAllocation (Allocation Failure)
Event: 14.583 Executing safepoint VM operation: ParallelGCFailedAllocation (Allocation Failure) done
Event: 14.648 Executing safepoint VM operation: ParallelGCFailedAllocation (Allocation Failure)
Event: 14.648 Executing safepoint VM operation: ParallelGCFailedAllocation (Allocation Failure) done
Event: 14.650 Executing safepoint VM operation: ParallelGCFailedAllocation (Allocation Failure)
Event: 14.657 Executing safepoint VM operation: ParallelGCFailedAllocation (Allocation Failure) done
Event: 14.734 Executing non-safepoint VM operation: HandshakeAllThreads (Deoptimize)
Event: 14.734 Executing non-safepoint VM operation: HandshakeAllThreads (Deoptimize) done
Event: 14.774 Executing safepoint VM operation: ParallelGCFailedAllocation (Allocation Failure)
Event: 14.780 Executing safepoint VM operation: ParallelGCFailedAllocation (Allocation Failure) done

Memory protections (0 events):
No events

Nmethod flushes (20 events):
Event: 10.630 Thread 0x000002094b7bd060 flushing  nmethod 0x00000209507bb910
Event: 10.630 Thread 0x000002094b7bd060 flushing  nmethod 0x0000020950808910
Event: 10.630 Thread 0x000002094b7bd060 flushing  nmethod 0x0000020950834c90
Event: 10.630 Thread 0x000002094b7bd060 flushing  nmethod 0x0000020950836110
Event: 10.630 Thread 0x000002094b7bd060 flushing  nmethod 0x0000020950836a10
Event: 10.630 Thread 0x000002094b7bd060 flushing  nmethod 0x0000020950837c10
Event: 10.630 Thread 0x000002094b7bd060 flushing  nmethod 0x0000020950838410
Event: 10.630 Thread 0x000002094b7bd060 flushing  nmethod 0x000002095083a110
Event: 10.630 Thread 0x000002094b7bd060 flushing  nmethod 0x000002095083a610
Event: 10.630 Thread 0x000002094b7bd060 flushing  nmethod 0x000002095083aa90
Event: 10.630 Thread 0x000002094b7bd060 flushing  nmethod 0x000002095083b390
Event: 10.630 Thread 0x000002094b7bd060 flushing  nmethod 0x000002095083d210
Event: 10.630 Thread 0x000002094b7bd060 flushing  nmethod 0x0000020950846510
Event: 10.630 Thread 0x000002094b7bd060 flushing  nmethod 0x0000020950848c10
Event: 10.630 Thread 0x000002094b7bd060 flushing  nmethod 0x000002095087d310
Event: 10.630 Thread 0x000002094b7bd060 flushing  nmethod 0x0000020950880410
Event: 10.630 Thread 0x000002094b7bd060 flushing  nmethod 0x000002095088a790
Event: 10.630 Thread 0x000002094b7bd060 flushing  nmethod 0x00000209508ee110
Event: 10.630 Thread 0x000002094b7bd060 flushing  nmethod 0x0000020950916b90
Event: 10.630 Thread 0x000002094b7bd060 flushing  nmethod 0x000002095092d810

Events (20 events):
Event: 3.525 Thread 0x000002094b6fc8f0 Thread added: 0x0000022a5f548e70
Event: 3.798 Thread 0x0000022a5f5c6c50 Thread added: 0x0000022aa6375060
Event: 4.202 Thread 0x0000022a5f548e70 Thread added: 0x0000022a5f54b5d0
Event: 4.370 Thread 0x0000022aa6375060 Thread exited: 0x0000022aa6375060
Event: 4.818 Thread 0x0000022a5f548e70 Thread added: 0x0000022a5f549b90
Event: 5.247 Thread 0x0000022a5f5c6c50 Thread added: 0x0000022aa63d9790
Event: 5.709 Thread 0x0000022a5f548e70 Thread added: 0x0000022aa6c92150
Event: 6.388 Thread 0x0000022aa63d9790 Thread exited: 0x0000022aa63d9790
Event: 7.218 Thread 0x0000022a5f548e70 Thread added: 0x0000022aa6c92e70
Event: 7.426 Thread 0x0000022a5f548e70 Thread added: 0x0000022aa6c94220
Event: 7.490 Thread 0x0000022aa6c94220 Thread added: 0x0000022aa6c91ac0
Event: 9.875 Thread 0x0000022aa6c91ac0 Thread added: 0x0000022aa6c927e0
Event: 10.008 Thread 0x0000022a5f548e70 Thread added: 0x0000022aa6c91430
Event: 10.008 Thread 0x0000022aa6c927e0 Thread added: 0x0000022aa6c90da0
Event: 10.445 Thread 0x0000022aa6c927e0 Thread added: 0x0000022aa6c955d0
Event: 10.580 Thread 0x0000022aa6c955d0 Thread added: 0x0000022aa6c948b0
Event: 10.734 Thread 0x000002094b6fc8f0 Thread added: 0x0000022aa6c962f0
Event: 10.969 Thread 0x000002094b6fc8f0 Thread added: 0x0000022aa6c93b90
Event: 10.969 Thread 0x000002094b6fc8f0 Thread added: 0x0000022aa6c93500
Event: 12.797 Thread 0x0000022aa6c955d0 Thread added: 0x0000022aa6c95c60


Dynamic libraries:
0x00007ff6700d0000 - 0x00007ff6700de000 	c:\Users\INFINITY\.vscode\extensions\redhat.java-1.56.0-win32-x64\jre\21.0.12.1-win32-x86_64\bin\java.exe
0x00007ffb8ed20000 - 0x00007ffb8ef87000 	C:\WINDOWS\SYSTEM32\ntdll.dll
0x00007ffb8dc80000 - 0x00007ffb8dd4b000 	C:\WINDOWS\System32\KERNEL32.DLL
0x00007ffb8c630000 - 0x00007ffb8ca32000 	C:\WINDOWS\System32\KERNELBASE.dll
0x00007ffb8c0a0000 - 0x00007ffb8c1ec000 	C:\WINDOWS\System32\ucrtbase.dll
0x00007ffb572a0000 - 0x00007ffb572b8000 	c:\Users\INFINITY\.vscode\extensions\redhat.java-1.56.0-win32-x64\jre\21.0.12.1-win32-x86_64\bin\jli.dll
0x00007ffb8e310000 - 0x00007ffb8e4df000 	C:\WINDOWS\System32\USER32.dll
0x00007ffb8c070000 - 0x00007ffb8c097000 	C:\WINDOWS\System32\win32u.dll
0x00007ffb8dd50000 - 0x00007ffb8dd7b000 	C:\WINDOWS\System32\GDI32.dll
0x00007ffb8c2c0000 - 0x00007ffb8c3e9000 	C:\WINDOWS\System32\gdi32full.dll
0x00007ffb8c3f0000 - 0x00007ffb8c493000 	C:\WINDOWS\System32\msvcp_win.dll
0x00007ffb52db0000 - 0x00007ffb52dce000 	c:\Users\INFINITY\.vscode\extensions\redhat.java-1.56.0-win32-x64\jre\21.0.12.1-win32-x86_64\bin\VCRUNTIME140.dll
0x00007ffb719b0000 - 0x00007ffb71c40000 	C:\WINDOWS\WinSxS\amd64_microsoft.windows.common-controls_6595b64144ccf1df_6.0.26100.9278_none_3e0d1ba8e3303201\COMCTL32.dll
0x00007ffb8d5f0000 - 0x00007ffb8d699000 	C:\WINDOWS\System32\msvcrt.dll
0x00007ffb8cc60000 - 0x00007ffb8cc91000 	C:\WINDOWS\System32\IMM32.DLL
0x00007ffb76f80000 - 0x00007ffb76f8c000 	c:\Users\INFINITY\.vscode\extensions\redhat.java-1.56.0-win32-x64\jre\21.0.12.1-win32-x86_64\bin\vcruntime140_1.dll
0x00007ffb3bbb0000 - 0x00007ffb3bc3d000 	c:\Users\INFINITY\.vscode\extensions\redhat.java-1.56.0-win32-x64\jre\21.0.12.1-win32-x86_64\bin\msvcp140.dll
0x00007ffae6340000 - 0x00007ffae70e2000 	c:\Users\INFINITY\.vscode\extensions\redhat.java-1.56.0-win32-x64\jre\21.0.12.1-win32-x86_64\bin\server\jvm.dll
0x00007ffb8d6a0000 - 0x00007ffb8d75c000 	C:\WINDOWS\System32\ADVAPI32.dll
0x00007ffb8cbb0000 - 0x00007ffb8cc59000 	C:\WINDOWS\System32\sechost.dll
0x00007ffb8cca0000 - 0x00007ffb8cdb8000 	C:\WINDOWS\System32\RPCRT4.dll
0x00007ffb8ec50000 - 0x00007ffb8ecd0000 	C:\WINDOWS\System32\WS2_32.dll
0x00007ffb7fff0000 - 0x00007ffb80026000 	C:\WINDOWS\SYSTEM32\WINMM.dll
0x00007ffb79720000 - 0x00007ffb7972b000 	C:\WINDOWS\SYSTEM32\VERSION.dll
0x00007ffb8bd80000 - 0x00007ffb8bdde000 	C:\WINDOWS\SYSTEM32\POWRPROF.dll
0x00007ffb8bd60000 - 0x00007ffb8bd75000 	C:\WINDOWS\SYSTEM32\UMPDC.dll
0x00007ffb8abc0000 - 0x00007ffb8abdb000 	C:\WINDOWS\SYSTEM32\kernel.appcore.dll
0x00007ffb76f70000 - 0x00007ffb76f7a000 	c:\Users\INFINITY\.vscode\extensions\redhat.java-1.56.0-win32-x64\jre\21.0.12.1-win32-x86_64\bin\jimage.dll
0x00007ffb89d50000 - 0x00007ffb89f9c000 	C:\WINDOWS\SYSTEM32\DBGHELP.DLL
0x00007ffb8e8c0000 - 0x00007ffb8ec45000 	C:\WINDOWS\System32\combase.dll
0x00007ffb8cab0000 - 0x00007ffb8cb89000 	C:\WINDOWS\System32\OLEAUT32.dll
0x00007ffb6c030000 - 0x00007ffb6c06b000 	C:\WINDOWS\SYSTEM32\dbgcore.DLL
0x00007ffb8c200000 - 0x00007ffb8c2ac000 	C:\WINDOWS\System32\bcryptPrimitives.dll
0x00007ffb69740000 - 0x00007ffb6974f000 	c:\Users\INFINITY\.vscode\extensions\redhat.java-1.56.0-win32-x64\jre\21.0.12.1-win32-x86_64\bin\instrument.dll
0x00007ffb61c10000 - 0x00007ffb61c30000 	c:\Users\INFINITY\.vscode\extensions\redhat.java-1.56.0-win32-x64\jre\21.0.12.1-win32-x86_64\bin\java.dll
0x00007ffb8ce20000 - 0x00007ffb8d5b8000 	C:\WINDOWS\System32\SHELL32.dll
0x00007ffb89490000 - 0x00007ffb89d3e000 	C:\WINDOWS\SYSTEM32\windows.storage.dll
0x00007ffb8db80000 - 0x00007ffb8dc7b000 	C:\WINDOWS\System32\SHCORE.dll
0x00007ffb8ca40000 - 0x00007ffb8caa6000 	C:\WINDOWS\System32\shlwapi.dll
0x00007ffb8be40000 - 0x00007ffb8be69000 	C:\WINDOWS\SYSTEM32\profapi.dll
0x00007ffb57a50000 - 0x00007ffb57a68000 	c:\Users\INFINITY\.vscode\extensions\redhat.java-1.56.0-win32-x64\jre\21.0.12.1-win32-x86_64\bin\zip.dll
0x00007ffb66950000 - 0x00007ffb66960000 	C:\Users\INFINITY\.vscode\extensions\redhat.java-1.56.0-win32-x64\jre\21.0.12.1-win32-x86_64\bin\net.dll
0x00007ffb7fdc0000 - 0x00007ffb7feea000 	C:\WINDOWS\SYSTEM32\WINHTTP.dll
0x00007ffb8b180000 - 0x00007ffb8b1ec000 	C:\WINDOWS\system32\mswsock.dll
0x00007ffb57a30000 - 0x00007ffb57a46000 	C:\Users\INFINITY\.vscode\extensions\redhat.java-1.56.0-win32-x64\jre\21.0.12.1-win32-x86_64\bin\nio.dll
0x00007ffb61c00000 - 0x00007ffb61c10000 	c:\Users\INFINITY\.vscode\extensions\redhat.java-1.56.0-win32-x64\jre\21.0.12.1-win32-x86_64\bin\verify.dll
0x00007ffb48170000 - 0x00007ffb481b5000 	C:\Users\INFINITY\AppData\Roaming\Code\User\globalStorage\redhat.java\1.56.0\config_win\org.eclipse.equinox.launcher\org.eclipse.equinox.launcher.win32.win32.x86_64_1.3.100.v20260804-1928\eclipse_11924.dll
0x00007ffb8d9d0000 - 0x00007ffb8db6a000 	C:\WINDOWS\System32\ole32.dll
0x00007ffb8b490000 - 0x00007ffb8b4ab000 	C:\WINDOWS\SYSTEM32\CRYPTSP.dll
0x00007ffb8ab00000 - 0x00007ffb8ab39000 	C:\WINDOWS\system32\rsaenh.dll
0x00007ffb8b230000 - 0x00007ffb8b264000 	C:\WINDOWS\SYSTEM32\USERENV.dll
0x00007ffb8be10000 - 0x00007ffb8be3a000 	C:\WINDOWS\SYSTEM32\bcrypt.dll
0x00007ffb8b470000 - 0x00007ffb8b47c000 	C:\WINDOWS\SYSTEM32\CRYPTBASE.dll
0x00007ffb8a540000 - 0x00007ffb8a573000 	C:\WINDOWS\SYSTEM32\IPHLPAPI.DLL
0x00007ffb8dd80000 - 0x00007ffb8dd8a000 	C:\WINDOWS\System32\NSI.dll
0x00007ffb68000000 - 0x00007ffb68049000 	C:\Users\INFINITY\AppData\Local\Temp\jna--1997742138\jna9880712186496684258.dll
0x00007ffb8e300000 - 0x00007ffb8e308000 	C:\WINDOWS\System32\PSAPI.DLL
0x00007ffb80030000 - 0x00007ffb8004d000 	C:\WINDOWS\SYSTEM32\dhcpcsvc6.DLL
0x00007ffb7ff50000 - 0x00007ffb7ff75000 	C:\WINDOWS\SYSTEM32\dhcpcsvc.DLL

JVMTI agents:
c:\Users\INFINITY\.vscode\extensions\redhat.java-1.56.0-win32-x64\lombok\lombok-1.18.39-4050.jar path:c:\Users\INFINITY\.vscode\extensions\redhat.java-1.56.0-win32-x64\jre\21.0.12.1-win32-x86_64\bin\instrument.dll, loaded, initialized, instrumentlib options:none

dbghelp: loaded successfully - version: 4.0.5 - missing functions: none
symbol engine: initialized successfully - sym options: 0x614 - pdb path: .;c:\Users\INFINITY\.vscode\extensions\redhat.java-1.56.0-win32-x64\jre\21.0.12.1-win32-x86_64\bin;C:\WINDOWS\SYSTEM32;C:\WINDOWS\WinSxS\amd64_microsoft.windows.common-controls_6595b64144ccf1df_6.0.26100.9278_none_3e0d1ba8e3303201;c:\Users\INFINITY\.vscode\extensions\redhat.java-1.56.0-win32-x64\jre\21.0.12.1-win32-x86_64\bin\server;C:\Users\INFINITY\AppData\Roaming\Code\User\globalStorage\redhat.java\1.56.0\config_win\org.eclipse.equinox.launcher\org.eclipse.equinox.launcher.win32.win32.x86_64_1.3.100.v20260804-1928;C:\Users\INFINITY\AppData\Local\Temp\jna--1997742138

VM Arguments:
jvm_args: --add-modules=ALL-SYSTEM --add-opens=java.base/java.util=ALL-UNNAMED --add-opens=java.base/java.lang=ALL-UNNAMED --add-opens=java.base/sun.nio.fs=ALL-UNNAMED -Declipse.application=org.eclipse.jdt.ls.core.id1 -Dosgi.bundles.defaultStartLevel=4 -Declipse.product=org.eclipse.jdt.ls.core.product -Djava.import.generatesMetadataFilesAtProjectRoot=false -Dm2e.project.cache.size=50 -DDetectVMInstallationsJob.disabled=true -Dfile.encoding=utf8 -XX:+UseParallelGC -XX:GCTimeRatio=4 -XX:AdaptiveSizePolicyWeight=90 -Dsun.zip.disableMemoryMapping=true -Xmx128G -Xms100m -Xlog:disable -javaagent:c:\Users\INFINITY\.vscode\extensions\redhat.java-1.56.0-win32-x64\lombok\lombok-1.18.39-4050.jar -XX:+HeapDumpOnOutOfMemoryError -XX:HeapDumpPath=c:\Users\INFINITY\AppData\Roaming\Code\User\workspaceStorage\f4913c80ee456328dc24c885f99a7559\redhat.java -Daether.dependencyCollector.impl=bf 
java_command: c:\Users\INFINITY\.vscode\extensions\redhat.java-1.56.0-win32-x64\server\plugins\org.eclipse.equinox.launcher_1.8.0.v20260804-1928.jar -configuration c:\Users\INFINITY\AppData\Roaming\Code\User\globalStorage\redhat.java\1.56.0\config_win -data c:\Users\INFINITY\AppData\Roaming\Code\User\workspaceStorage\f4913c80ee456328dc24c885f99a7559\redhat.java\jdt_ws --stdio
java_class_path (initial): c:\Users\INFINITY\.vscode\extensions\redhat.java-1.56.0-win32-x64\server\plugins\org.eclipse.equinox.launcher_1.8.0.v20260804-1928.jar
Launcher Type: SUN_STANDARD

[Global flags]
    uintx AdaptiveSizePolicyWeight                 = 90                                        {product} {command line}
     intx CICompilerCount                          = 3                                         {product} {ergonomic}
    uintx GCTimeRatio                              = 4                                         {product} {command line}
     bool HeapDumpOnOutOfMemoryError               = true                                   {manageable} {command line}
    ccstr HeapDumpPath                             = c:\Users\INFINITY\AppData\Roaming\Code\User\workspaceStorage\f4913c80ee456328dc24c885f99a7559\redhat.java         {manageable} {command line}
   size_t InitialHeapSize                          = 104857600                                 {product} {command line}
   size_t MaxHeapSize                              = 137438953472                              {product} {command line}
   size_t MaxNewSize                               = 45812809728                               {product} {ergonomic}
   size_t MinHeapDeltaBytes                        = 524288                                    {product} {ergonomic}
   size_t MinHeapSize                              = 104857600                                 {product} {command line}
   size_t NewSize                                  = 34603008                                  {product} {ergonomic}
    uintx NonNMethodCodeHeapSize                   = 5832780                                {pd product} {ergonomic}
    uintx NonProfiledCodeHeapSize                  = 122912730                              {pd product} {ergonomic}
   size_t OldSize                                  = 70254592                                  {product} {ergonomic}
    uintx ProfiledCodeHeapSize                     = 122912730                              {pd product} {ergonomic}
    uintx ReservedCodeCacheSize                    = 251658240                              {pd product} {ergonomic}
     bool SegmentedCodeCache                       = true                                      {product} {ergonomic}
   size_t SoftMaxHeapSize                          = 137438953472                           {manageable} {ergonomic}
     bool UseLargePagesIndividualAllocation        = false                                  {pd product} {ergonomic}
     bool UseParallelGC                            = true                                      {product} {command line}

Logging:
Log output configuration:
 #0: stdout all=off uptime,level,tags foldmultilines=false
 #1: stderr all=off uptime,level,tags foldmultilines=false

Release file:
JAVA_VERSION="21.0.12.1" 
MODULES="java.base java.compiler java.datatransfer java.xml java.prefs java.desktop java.instrument java.logging java.management java.security.sasl java.naming java.rmi java.management.rmi java.net.http java.scripting java.security.jgss java.transaction.xa java.sql java.sql.rowset java.xml.crypto java.se java.smartcardio jdk.accessibility jdk.internal.jvmstat jdk.attach jdk.charsets jdk.internal.opt jdk.zipfs jdk.compiler jdk.crypto.ec jdk.crypto.cryptoki jdk.crypto.mscapi jdk.dynalink jdk.internal.ed jdk.editpad jdk.hotspot.agent jdk.httpserver jdk.internal.le jdk.internal.vm.ci jdk.internal.vm.compiler jdk.internal.vm.compiler.management jdk.jartool jdk.javadoc jdk.jcmd jdk.management jdk.management.agent jdk.jconsole jdk.jdeps jdk.jdwp.agent jdk.jdi jdk.jfr jdk.jshell jdk.jsobject jdk.jstatd jdk.localedata jdk.management.jfr jdk.naming.dns jdk.naming.rmi jdk.net jdk.nio.mapmode jdk.random jdk.sctp jdk.security.auth jdk.security.jgss jdk.unsupported jdk.unsupported.desktop jdk.xml.dom" 

Environment Variables:
PATH=C:\Python314\Scripts\;C:\Python314\;C:\Python312\Scripts\;C:\Python312\;C:\Program Files\Common Files\Oracle\Java\javapath;C:\WINDOWS\system32;C:\WINDOWS;C:\WINDOWS\System32\Wbem;C:\WINDOWS\System32\WindowsPowerShell\v1.0\;C:\WINDOWS\System32\OpenSSH\;D:\Apps\JDK\bin;C:\Program Files\Git\cmd;C:\ProgramData\chocolatey\bin;D:\Apps\Node.js\;C:\Program Files\Docker\Docker\resources\bin;D:\Apps\Scripts\;D:\Apps\;C:\Program Files\MySQL\MySQL Shell 8.0\bin\;C:\Users\INFINITY\AppData\Local\Microsoft\WindowsApps;D:\Apps\Microsoft VS Code\bin;D:\Apps\MongoDB Shell\mongosh-2.3.7-win32-x64\bin;C:\Users\INFINITY\AppData\Roaming\npm;C:\Users\INFINITY\AppData\Local\Kingsoft\WPS Office\12.1.0.27458\clitool;D:\Apps\cursor\resources\app\bin;D:\Apps\Antigravity IDE\bin;C:\Users\INFINITY\AppData\Local\Microsoft\WinGet\Packages\Ngrok.Ngrok_Microsoft.Winget.Source_8wekyb3d8bbwe;;C:\Users\INFINITY\AppData\Local\Microsoft\WinGet\Packages\Ngrok.Ngrok_Microsoft.Winget.Source_8wekyb3d8bbwe
USERNAME=Mahesh
OS=Windows_NT
PROCESSOR_IDENTIFIER=Intel64 Family 6 Model 140 Stepping 1, GenuineIntel
TMP=C:\Users\INFINITY\AppData\Local\Temp
TEMP=C:\Users\INFINITY\AppData\Local\Temp




Periodic native trim disabled

---------------  S Y S T E M  ---------------

OS:
 Windows 11 , 64 bit Build 26100 (10.0.26100.9444)
OS uptime: 0 days 0:24 hours
Hyper-V role detected

CPU: total 4 (initial active 4) (2 cores per cpu, 2 threads per core) family 6 model 140 stepping 1 microcode 0xa4, cx8, cmov, fxsr, ht, mmx, 3dnowpref, sse, sse2, sse3, ssse3, sse4.1, sse4.2, popcnt, lzcnt, tsc, tscinvbit, avx, avx2, aes, erms, clmul, bmi1, bmi2, adx, avx512f, avx512dq, avx512cd, avx512bw, avx512vl, sha, fma, vzeroupper, avx512_vpopcntdq, avx512_vpclmulqdq, avx512_vaes, avx512_vnni, clflush, clflushopt, clwb, avx512_vbmi2, avx512_vbmi, hv, rdtscp, rdpid, fsrm, gfni, avx512_bitalg, f16c, cet_ibt, cet_ss, avx512_ifma
Processor Information for the first 4 processors :
  Max Mhz: 2995, Current Mhz: 2995, Mhz Limit: 2995

Memory: 4k page, system-wide physical 7886M (264M free)
TotalPageFile size 26101M (AvailPageFile size 15M)
current process WorkingSet (physical memory assigned to process): 229M, peak: 229M
current process commit charge ("private bytes"): 4618M, peak: 4620M

vm_info: OpenJDK 64-Bit Server VM (21.0.12.1+1-LTS) for windows-amd64 JRE (21.0.12.1+1-LTS), built on 2026-08-18T00:00:00Z by "admin" with MS VC++ 17.12 (VS2022)

END.
