#
# There is insufficient memory for the Java Runtime Environment to continue.
# Native memory allocation (malloc) failed to allocate 1048576 bytes. Error detail: AllocateHeap
# Possible reasons:
#   The system is out of physical RAM or swap space
#   This process is running with CompressedOops enabled, and the Java Heap may be blocking the growth of the native heap
# Possible solutions:
#   Reduce memory load on the system
#   Increase physical memory or swap space
#   Check if swap backing store is full
#   Decrease Java heap size (-Xmx/-Xms)
#   Decrease number of Java threads
#   Decrease Java thread stack sizes (-Xss)
#   Set larger code cache with -XX:ReservedCodeCacheSize=
#   JVM is running with Zero Based Compressed Oops mode in which the Java heap is
#     placed in the first 32GB address space. The Java Heap base address is the
#     maximum limit for the native heap growth. Please use -XX:HeapBaseMinAddress
#     to set the Java Heap base and to place the Java Heap above 32GB virtual address.
# This output file may be truncated or incomplete.
#
#  Out of Memory Error (allocation.cpp:44), pid=25296, tid=26016
#
# JRE version: OpenJDK Runtime Environment Temurin-21.0.12.1+1 (21.0.12.1+1) (build 21.0.12.1+1-LTS)
# Java VM: OpenJDK 64-Bit Server VM Temurin-21.0.12.1+1 (21.0.12.1+1-LTS, mixed mode, sharing, tiered, compressed oops, compressed class ptrs, parallel gc, windows-amd64)
# No core dump will be written. Minidumps are not enabled by default on client versions of Windows
#

---------------  S U M M A R Y ------------

Command Line: --add-modules=ALL-SYSTEM --add-opens=java.base/java.util=ALL-UNNAMED --add-opens=java.base/java.lang=ALL-UNNAMED --add-opens=java.base/sun.nio.fs=ALL-UNNAMED -Declipse.application=org.eclipse.jdt.ls.core.id1 -Dosgi.bundles.defaultStartLevel=4 -Declipse.product=org.eclipse.jdt.ls.core.product -Djava.import.generatesMetadataFilesAtProjectRoot=false -Dm2e.project.cache.size=50 -DDetectVMInstallationsJob.disabled=true -Dfile.encoding=utf8 -XX:+UseParallelGC -XX:GCTimeRatio=4 -XX:AdaptiveSizePolicyWeight=90 -Dsun.zip.disableMemoryMapping=true -Xmx16G -Xms100m -Xlog:disable -javaagent:c:\Users\INFINITY\.vscode\extensions\redhat.java-1.56.0-win32-x64\lombok\lombok-1.18.39-4050.jar -XX:+HeapDumpOnOutOfMemoryError -XX:HeapDumpPath=c:\Users\INFINITY\AppData\Roaming\Code\User\workspaceStorage\f4913c80ee456328dc24c885f99a7559\redhat.java -Daether.dependencyCollector.impl=bf c:\Users\INFINITY\.vscode\extensions\redhat.java-1.56.0-win32-x64\server\plugins\org.eclipse.equinox.launcher_1.8.0.v20260804-1928.jar -configuration c:\Users\INFINITY\AppData\Roaming\Code\User\globalStorage\redhat.java\1.56.0\config_win -data c:\Users\INFINITY\AppData\Roaming\Code\User\workspaceStorage\f4913c80ee456328dc24c885f99a7559\redhat.java\jdt_ws --stdio

Host: 11th Gen Intel(R) Core(TM) i3-1115G4 @ 3.00GHz, 4 cores, 7G,  Windows 11 , 64 bit Build 26100 (10.0.26100.9444)
Time: Thu Oct  1 19:14:45 2026 India Standard Time elapsed time: 32563.618073 seconds (0d 9h 2m 43s)

---------------  T H R E A D  ---------------

Current thread (0x0000024b1c212f50):  JavaThread "Attach Listener" daemon [_thread_in_vm, id=26016, stack(0x0000007f61100000,0x0000007f61200000) (1024K)]

Stack: [0x0000007f61100000,0x0000007f61200000]
Native frames: (J=compiled Java code, j=interpreted, Vv=VM code, C=native code)
V  [jvm.dll+0x6d83e9]
V  [jvm.dll+0x8b5736]
V  [jvm.dll+0x8b7cee]
V  [jvm.dll+0x8b83d3]
V  [jvm.dll+0x284596]
V  [jvm.dll+0xc13c7]
V  [jvm.dll+0x6d8c99]
V  [jvm.dll+0x133616]
V  [jvm.dll+0x3f8aae]
V  [jvm.dll+0x8600cd]
V  [jvm.dll+0x6d6c1d]
C  [ucrtbase.dll+0x2cd30]
C  [KERNEL32.DLL+0x2cd87]
C  [ntdll.dll+0xacaec]


---------------  P R O C E S S  ---------------

Threads class SMR info:
_java_thread_list=0x0000024b9cf253c0, length=27, elements={
0x0000024b1c5eb0f0, 0x0000024b1c209a60, 0x0000024b1c20db30, 0x0000024b1c212090,
0x0000024b1c212f50, 0x0000024b1c215f70, 0x0000024b1c218de0, 0x0000024b1c219c20,
0x0000024b1c295c50, 0x0000024b95945550, 0x0000024b95aaa2c0, 0x0000024b9a5f3750,
0x0000024b9a4d9820, 0x0000024b9a1c2f30, 0x0000024b9a1c3970, 0x0000024b9a7fd3d0,
0x0000024b9aa20580, 0x0000024b9b0f43a0, 0x0000024b9b16a4f0, 0x0000024b9c450b00,
0x0000024b9c452540, 0x0000024b9c451190, 0x0000024b9c451820, 0x0000024b9c451eb0,
0x0000024ba66791e0, 0x0000024ba6675040, 0x0000024ba66763f0
}

Java Threads: ( => current thread )
  0x0000024b1c5eb0f0 JavaThread "main"                              [_thread_blocked, id=19708, stack(0x0000007f60900000,0x0000007f60a00000) (1024K)]
  0x0000024b1c209a60 JavaThread "Reference Handler"          daemon [_thread_blocked, id=17088, stack(0x0000007f60e00000,0x0000007f60f00000) (1024K)]
  0x0000024b1c20db30 JavaThread "Finalizer"                  daemon [_thread_blocked, id=7932, stack(0x0000007f60f00000,0x0000007f61000000) (1024K)]
  0x0000024b1c212090 JavaThread "Signal Dispatcher"          daemon [_thread_blocked, id=27680, stack(0x0000007f61000000,0x0000007f61100000) (1024K)]
=>0x0000024b1c212f50 JavaThread "Attach Listener"            daemon [_thread_in_vm, id=26016, stack(0x0000007f61100000,0x0000007f61200000) (1024K)]
  0x0000024b1c215f70 JavaThread "Service Thread"             daemon [_thread_blocked, id=14676, stack(0x0000007f61200000,0x0000007f61300000) (1024K)]
  0x0000024b1c218de0 JavaThread "Monitor Deflation Thread"   daemon [_thread_blocked, id=1668, stack(0x0000007f61300000,0x0000007f61400000) (1024K)]
  0x0000024b1c219c20 JavaThread "C2 CompilerThread0"         daemon [_thread_blocked, id=19960, stack(0x0000007f61400000,0x0000007f61500000) (1024K)]
  0x0000024b1c295c50 JavaThread "C1 CompilerThread0"         daemon [_thread_blocked, id=17820, stack(0x0000007f61500000,0x0000007f61600000) (1024K)]
  0x0000024b95945550 JavaThread "Common-Cleaner"             daemon [_thread_blocked, id=19108, stack(0x0000007f61600000,0x0000007f61700000) (1024K)]
  0x0000024b95aaa2c0 JavaThread "Notification Thread"        daemon [_thread_blocked, id=11904, stack(0x0000007f61700000,0x0000007f61800000) (1024K)]
  0x0000024b9a5f3750 JavaThread "Active Thread: Equinox Container: fe7a2680-723d-4ef4-9578-66660f8ecf8b"        [_thread_blocked, id=10572, stack(0x0000007f61b00000,0x0000007f61c00000) (1024K)]
  0x0000024b9a4d9820 JavaThread "Refresh Thread: Equinox Container: fe7a2680-723d-4ef4-9578-66660f8ecf8b" daemon [_thread_blocked, id=9572, stack(0x0000007f61c00000,0x0000007f61d00000) (1024K)]
  0x0000024b9a1c2f30 JavaThread "Framework Event Dispatcher: Equinox Container: fe7a2680-723d-4ef4-9578-66660f8ecf8b" daemon [_thread_blocked, id=25720, stack(0x0000007f61d00000,0x0000007f61e00000) (1024K)]
  0x0000024b9a1c3970 JavaThread "Start Level: Equinox Container: fe7a2680-723d-4ef4-9578-66660f8ecf8b" daemon [_thread_blocked, id=25988, stack(0x0000007f61e00000,0x0000007f61f00000) (1024K)]
  0x0000024b9a7fd3d0 JavaThread "Bundle File Closer"         daemon [_thread_blocked, id=27872, stack(0x0000007f61f00000,0x0000007f62000000) (1024K)]
  0x0000024b9aa20580 JavaThread "SCR Component Actor"        daemon [_thread_blocked, id=27760, stack(0x0000007f62000000,0x0000007f62100000) (1024K)]
  0x0000024b9b0f43a0 JavaThread "Worker-JM"                         [_thread_blocked, id=26548, stack(0x0000007f62100000,0x0000007f62200000) (1024K)]
  0x0000024b9b16a4f0 JavaThread "JNA Cleaner"                daemon [_thread_blocked, id=4660, stack(0x0000007f62200000,0x0000007f62300000) (1024K)]
  0x0000024b9c450b00 JavaThread "Worker-3"                          [_thread_blocked, id=28472, stack(0x0000007f62600000,0x0000007f62700000) (1024K)]
  0x0000024b9c452540 JavaThread "Java indexing"              daemon [_thread_blocked, id=19404, stack(0x0000007f62700000,0x0000007f62800000) (1024K)]
  0x0000024b9c451190 JavaThread "pool-2-thread-1"                   [_thread_blocked, id=15768, stack(0x0000007f62d00000,0x0000007f62e00000) (1024K)]
  0x0000024b9c451820 JavaThread "WorkspaceEventsHandler"            [_thread_blocked, id=12704, stack(0x0000007f62e00000,0x0000007f62f00000) (1024K)]
  0x0000024b9c451eb0 JavaThread "pool-1-thread-1"                   [_thread_in_native, id=28008, stack(0x0000007f62f00000,0x0000007f63000000) (1024K)]
  0x0000024ba66791e0 JavaThread "Cleaner-0"                  daemon [_thread_blocked, id=21588, stack(0x0000007f63f00000,0x0000007f64000000) (1024K)]
  0x0000024ba6675040 JavaThread "Worker-8"                          [_thread_blocked, id=27024, stack(0x0000007f62900000,0x0000007f62a00000) (1024K)]
  0x0000024ba66763f0 JavaThread "ForkJoinPool.commonPool-worker-17" daemon [_thread_blocked, id=9696, stack(0x0000007f62300000,0x0000007f62400000) (1024K)]
Total: 27

Other Threads:
  0x0000024b1c6abf50 VMThread "VM Thread"                           [id=16320, stack(0x0000007f60d00000,0x0000007f60e00000) (1024K)]
  0x0000024b1c658260 WatcherThread "VM Periodic Task Thread"        [id=7184, stack(0x0000007f60c00000,0x0000007f60d00000) (1024K)]
  0x0000024b1c60c020 WorkerThread "GC Thread#0"                     [id=17688, stack(0x0000007f60b00000,0x0000007f60c00000) (1024K)]
  0x0000024b9a2bd170 WorkerThread "GC Thread#1"                     [id=25728, stack(0x0000007f61800000,0x0000007f61900000) (1024K)]
  0x0000024b9a264a60 WorkerThread "GC Thread#2"                     [id=27292, stack(0x0000007f61900000,0x0000007f61a00000) (1024K)]
  0x0000024b9a264e10 WorkerThread "GC Thread#3"                     [id=18264, stack(0x0000007f61a00000,0x0000007f61b00000) (1024K)]
Total: 6

Threads with active compile tasks:
Total: 0

VM state: not at safepoint (normal execution)

VM Mutex/Monitor currently owned by a thread: None

Heap address: 0x0000000400000000, size: 16384 MB, Compressed Oops mode: Zero based, Oop shift amount: 3

CDS archive(s) mapped at: [0x0000024b54000000-0x0000024b54ba0000-0x0000024b54ba0000), size 12189696, SharedBaseAddress: 0x0000024b54000000, ArchiveRelocationMode: 1.
Compressed class space mapped at: 0x0000024b55000000-0x0000024b95000000, reserved size: 1073741824
Narrow klass base: 0x0000024b54000000, Narrow klass shift: 0, Narrow klass range: 0x100000000

GC Precious Log:
 CardTable entry size: 512
 CPUs: 4 total, 4 available
 Memory: 7886M
 Large Page Support: Disabled
 NUMA Support: Disabled
 Compressed Oops: Enabled (Zero based)
 Alignments: Space 512K, Generation 512K, Heap 2M
 Heap Min Capacity: 100M
 Heap Initial Capacity: 100M
 Heap Max Capacity: 16G
 Pre-touch: Disabled
 Parallel Workers: 4

Heap:
 PSYoungGen      total 20480K, used 10077K [0x00000006aab00000, 0x00000006ac180000, 0x0000000800000000)
  eden space 19968K, 47% used [0x00000006aab00000,0x00000006ab45c060,0x00000006abe80000)
  from space 512K, 96% used [0x00000006ac080000,0x00000006ac0fb5c0,0x00000006ac100000)
  to   space 1536K, 0% used [0x00000006abe80000,0x00000006abe80000,0x00000006ac000000)
 ParOldGen       total 68608K, used 58105K [0x0000000400000000, 0x0000000404300000, 0x00000006aab00000)
  object space 68608K, 84% used [0x0000000400000000,0x00000004038be598,0x0000000404300000)
 Metaspace       used 74821K, committed 76416K, reserved 1179648K
  class space    used 7850K, committed 8512K, reserved 1048576K

Card table byte_map: [0x0000024b2e7f0000,0x0000024b30800000] _byte_map_base: 0x0000024b2c7f0000

Marking Bits: (ParMarkBitMap*) 0x00007ffc239e44a0
 Begin Bits: [0x0000024b31d60000, 0x0000024b41d60000)
 End Bits:   [0x0000024b41d60000, 0x0000024b51d60000)

Polling page: 0x0000024b1a490000

Metaspace:

Usage:
  Non-class:     65.40 MB used.
      Class:      7.67 MB used.
       Both:     73.07 MB used.

Virtual space:
  Non-class space:      128.00 MB reserved,      66.31 MB ( 52%) committed,  2 nodes.
      Class space:        1.00 GB reserved,       8.31 MB ( <1%) committed,  1 nodes.
             Both:        1.12 GB reserved,      74.62 MB (  6%) committed. 

Chunk freelists:
   Non-Class:  13.45 MB
       Class:  7.52 MB
        Both:  20.98 MB

MaxMetaspaceSize: unlimited
CompressedClassSpaceSize: 1.00 GB
Initial GC threshold: 21.00 MB
Current GC threshold: 97.31 MB
CDS: on
 - commit_granule_bytes: 65536.
 - commit_granule_words: 8192.
 - virtual_space_node_default_size: 8388608.
 - enlarge_chunks_in_place: 1.
 - use_allocation_guard: 0.


Internal statistics:

num_allocs_failed_limit: 9.
num_arena_births: 1226.
num_arena_deaths: 20.
num_vsnodes_births: 3.
num_vsnodes_deaths: 0.
num_space_committed: 1194.
num_space_uncommitted: 0.
num_chunks_returned_to_freelist: 32.
num_chunks_taken_from_freelist: 4694.
num_chunk_merges: 15.
num_chunk_splits: 2866.
num_chunks_enlarged: 1663.
num_inconsistent_stats: 0.

CodeHeap 'non-profiled nmethods': size=120000Kb used=8519Kb max_used=8519Kb free=111481Kb
 bounds [0x0000024b272c0000, 0x0000024b27b20000, 0x0000024b2e7f0000]
CodeHeap 'profiled nmethods': size=120000Kb used=28834Kb max_used=28834Kb free=91165Kb
 bounds [0x0000024b1f7f0000, 0x0000024b21420000, 0x0000024b26d20000]
CodeHeap 'non-nmethods': size=5760Kb used=1487Kb max_used=1558Kb free=4272Kb
 bounds [0x0000024b26d20000, 0x0000024b26f90000, 0x0000024b272c0000]
CodeCache: size=245760Kb, used=38840Kb, max_used=38911Kb, free=206918Kb
 total_blobs=13001, nmethods=12206, adapters=697, full_count=0
Compilation: enabled, stopped_count=0, restarted_count=0

Compilation events (20 events):
Event: 1850.659 Thread 0x0000024b1c295c50 12900       3       java.util.concurrent.ScheduledThreadPoolExecutor$ScheduledFutureTask::run (57 bytes)
Event: 1850.663 Thread 0x0000024b1c295c50 nmethod 12900 0x0000024b21412b90 code [0x0000024b21412dc0, 0x0000024b21413338]
Event: 1883.665 Thread 0x0000024b1c295c50 12901       3       org.eclipse.jdt.internal.core.SourceType::<init> (12 bytes)
Event: 1883.666 Thread 0x0000024b1c295c50 nmethod 12901 0x0000024b21413510 code [0x0000024b214136e0, 0x0000024b21413980]
Event: 1883.674 Thread 0x0000024b1c295c50 12902       3       java.util.TreeSet::addAll (82 bytes)
Event: 1883.675 Thread 0x0000024b1c295c50 nmethod 12902 0x0000024b21413b10 code [0x0000024b21413d60, 0x0000024b214148d0]
Event: 1883.676 Thread 0x0000024b1c295c50 12903       3       org.eclipse.jdt.internal.core.SourceType::isEnum (23 bytes)
Event: 1883.677 Thread 0x0000024b1c295c50 nmethod 12903 0x0000024b21414b10 code [0x0000024b21414d20, 0x0000024b21415358]
Event: 1883.677 Thread 0x0000024b1c295c50 12904       3       java.lang.Integer::toString (8 bytes)
Event: 1883.677 Thread 0x0000024b1c295c50 nmethod 12904 0x0000024b21415510 code [0x0000024b214156c0, 0x0000024b214157f8]
Event: 1883.677 Thread 0x0000024b1c295c50 12905       3       org.eclipse.lsp4j.jsonrpc.json.adapters.EitherTypeAdapter::write (10 bytes)
Event: 1883.677 Thread 0x0000024b1c295c50 nmethod 12905 0x0000024b21415890 code [0x0000024b21415a40, 0x0000024b21415cf0]
Event: 1883.677 Thread 0x0000024b1c295c50 12906       3       org.eclipse.lsp4j.jsonrpc.json.adapters.EitherTypeAdapter::write (47 bytes)
Event: 1883.679 Thread 0x0000024b1c295c50 nmethod 12906 0x0000024b21415e10 code [0x0000024b21416020, 0x0000024b214167c8]
Event: 32483.033 Thread 0x0000024b1c295c50 12907       3       org.eclipse.core.internal.resources.MarkerAttributeMap::shareStrings (92 bytes)
Event: 32483.035 Thread 0x0000024b1c295c50 nmethod 12907 0x0000024b21416a10 code [0x0000024b21416ca0, 0x0000024b21417b58]
Event: 32483.035 Thread 0x0000024b1c295c50 12908       3       org.eclipse.core.internal.resources.MarkerInfo::shareStrings (21 bytes)
Event: 32483.036 Thread 0x0000024b1c295c50 nmethod 12908 0x0000024b21417e90 code [0x0000024b21418060, 0x0000024b21418248]
Event: 32494.630 Thread 0x0000024b1c295c50 12909       3       java.util.concurrent.ForkJoinPool::tryTrim (91 bytes)
Event: 32494.631 Thread 0x0000024b1c295c50 nmethod 12909 0x0000024b21418390 code [0x0000024b21418540, 0x0000024b214187e8]

GC Heap History (20 events):
Event: 50.505 GC heap before
{Heap before GC invocations=42 (full 3):
 PSYoungGen      total 22528K, used 22049K [0x00000006aab00000, 0x00000006ac500000, 0x0000000800000000)
  eden space 19968K, 100% used [0x00000006aab00000,0x00000006abe80000,0x00000006abe80000)
  from space 2560K, 81% used [0x00000006ac280000,0x00000006ac488758,0x00000006ac500000)
  to   space 3072K, 0% used [0x00000006abf00000,0x00000006abf00000,0x00000006ac200000)
 ParOldGen       total 68608K, used 51447K [0x0000000400000000, 0x0000000404300000, 0x00000006aab00000)
  object space 68608K, 74% used [0x0000000400000000,0x000000040323dc98,0x0000000404300000)
 Metaspace       used 68237K, committed 69696K, reserved 1114112K
  class space    used 7156K, committed 7744K, reserved 1048576K
}
Event: 50.509 GC heap after
{Heap after GC invocations=42 (full 3):
 PSYoungGen      total 20992K, used 895K [0x00000006aab00000, 0x00000006ac300000, 0x0000000800000000)
  eden space 19968K, 0% used [0x00000006aab00000,0x00000006aab00000,0x00000006abe80000)
  from space 1024K, 87% used [0x00000006abf00000,0x00000006abfdfc18,0x00000006ac000000)
  to   space 1536K, 0% used [0x00000006ac180000,0x00000006ac180000,0x00000006ac300000)
 ParOldGen       total 68608K, used 52597K [0x0000000400000000, 0x0000000404300000, 0x00000006aab00000)
  object space 68608K, 76% used [0x0000000400000000,0x000000040335d580,0x0000000404300000)
 Metaspace       used 68237K, committed 69696K, reserved 1114112K
  class space    used 7156K, committed 7744K, reserved 1048576K
}
Event: 418.156 GC heap before
{Heap before GC invocations=43 (full 3):
 PSYoungGen      total 20992K, used 20863K [0x00000006aab00000, 0x00000006ac300000, 0x0000000800000000)
  eden space 19968K, 100% used [0x00000006aab00000,0x00000006abe80000,0x00000006abe80000)
  from space 1024K, 87% used [0x00000006abf00000,0x00000006abfdfc18,0x00000006ac000000)
  to   space 1536K, 0% used [0x00000006ac180000,0x00000006ac180000,0x00000006ac300000)
 ParOldGen       total 68608K, used 52597K [0x0000000400000000, 0x0000000404300000, 0x00000006aab00000)
  object space 68608K, 76% used [0x0000000400000000,0x000000040335d580,0x0000000404300000)
 Metaspace       used 68811K, committed 70208K, reserved 1114112K
  class space    used 7204K, committed 7808K, reserved 1048576K
}
Event: 418.182 GC heap after
{Heap after GC invocations=43 (full 3):
 PSYoungGen      total 20480K, used 192K [0x00000006aab00000, 0x00000006ac200000, 0x0000000800000000)
  eden space 19968K, 0% used [0x00000006aab00000,0x00000006aab00000,0x00000006abe80000)
  from space 512K, 37% used [0x00000006ac180000,0x00000006ac1b0000,0x00000006ac200000)
  to   space 1024K, 0% used [0x00000006ac000000,0x00000006ac000000,0x00000006ac100000)
 ParOldGen       total 68608K, used 53361K [0x0000000400000000, 0x0000000404300000, 0x00000006aab00000)
  object space 68608K, 77% used [0x0000000400000000,0x000000040341c560,0x0000000404300000)
 Metaspace       used 68811K, committed 70208K, reserved 1114112K
  class space    used 7204K, committed 7808K, reserved 1048576K
}
Event: 595.585 GC heap before
{Heap before GC invocations=44 (full 3):
 PSYoungGen      total 20480K, used 20160K [0x00000006aab00000, 0x00000006ac200000, 0x0000000800000000)
  eden space 19968K, 100% used [0x00000006aab00000,0x00000006abe80000,0x00000006abe80000)
  from space 512K, 37% used [0x00000006ac180000,0x00000006ac1b0000,0x00000006ac200000)
  to   space 1024K, 0% used [0x00000006ac000000,0x00000006ac000000,0x00000006ac100000)
 ParOldGen       total 68608K, used 53361K [0x0000000400000000, 0x0000000404300000, 0x00000006aab00000)
  object space 68608K, 77% used [0x0000000400000000,0x000000040341c560,0x0000000404300000)
 Metaspace       used 69203K, committed 70592K, reserved 1114112K
  class space    used 7214K, committed 7808K, reserved 1048576K
}
Event: 595.590 GC heap after
{Heap after GC invocations=44 (full 3):
 PSYoungGen      total 20992K, used 784K [0x00000006aab00000, 0x00000006ac200000, 0x0000000800000000)
  eden space 19968K, 0% used [0x00000006aab00000,0x00000006aab00000,0x00000006abe80000)
  from space 1024K, 76% used [0x00000006ac000000,0x00000006ac0c4070,0x00000006ac100000)
  to   space 1024K, 0% used [0x00000006ac100000,0x00000006ac100000,0x00000006ac200000)
 ParOldGen       total 68608K, used 53457K [0x0000000400000000, 0x0000000404300000, 0x00000006aab00000)
  object space 68608K, 77% used [0x0000000400000000,0x0000000403434560,0x0000000404300000)
 Metaspace       used 69203K, committed 70592K, reserved 1114112K
  class space    used 7214K, committed 7808K, reserved 1048576K
}
Event: 607.933 GC heap before
{Heap before GC invocations=45 (full 3):
 PSYoungGen      total 20992K, used 20752K [0x00000006aab00000, 0x00000006ac200000, 0x0000000800000000)
  eden space 19968K, 100% used [0x00000006aab00000,0x00000006abe80000,0x00000006abe80000)
  from space 1024K, 76% used [0x00000006ac000000,0x00000006ac0c4070,0x00000006ac100000)
  to   space 1024K, 0% used [0x00000006ac100000,0x00000006ac100000,0x00000006ac200000)
 ParOldGen       total 68608K, used 53457K [0x0000000400000000, 0x0000000404300000, 0x00000006aab00000)
  object space 68608K, 77% used [0x0000000400000000,0x0000000403434560,0x0000000404300000)
 Metaspace       used 69991K, committed 71488K, reserved 1114112K
  class space    used 7334K, committed 7936K, reserved 1048576K
}
Event: 607.937 GC heap after
{Heap after GC invocations=45 (full 3):
 PSYoungGen      total 20480K, used 352K [0x00000006aab00000, 0x00000006ac180000, 0x0000000800000000)
  eden space 19968K, 0% used [0x00000006aab00000,0x00000006aab00000,0x00000006abe80000)
  from space 512K, 68% used [0x00000006ac100000,0x00000006ac158000,0x00000006ac180000)
  to   space 512K, 0% used [0x00000006ac080000,0x00000006ac080000,0x00000006ac100000)
 ParOldGen       total 68608K, used 54128K [0x0000000400000000, 0x0000000404300000, 0x00000006aab00000)
  object space 68608K, 78% used [0x0000000400000000,0x00000004034dc010,0x0000000404300000)
 Metaspace       used 69991K, committed 71488K, reserved 1114112K
  class space    used 7334K, committed 7936K, reserved 1048576K
}
Event: 987.587 GC heap before
{Heap before GC invocations=46 (full 3):
 PSYoungGen      total 20480K, used 20167K [0x00000006aab00000, 0x00000006ac180000, 0x0000000800000000)
  eden space 19968K, 99% used [0x00000006aab00000,0x00000006abe59d00,0x00000006abe80000)
  from space 512K, 68% used [0x00000006ac100000,0x00000006ac158000,0x00000006ac180000)
  to   space 512K, 0% used [0x00000006ac080000,0x00000006ac080000,0x00000006ac100000)
 ParOldGen       total 68608K, used 54128K [0x0000000400000000, 0x0000000404300000, 0x00000006aab00000)
  object space 68608K, 78% used [0x0000000400000000,0x00000004034dc010,0x0000000404300000)
 Metaspace       used 70786K, committed 72192K, reserved 1114112K
  class space    used 7392K, committed 8000K, reserved 1048576K
}
Event: 987.592 GC heap after
{Heap after GC invocations=46 (full 3):
 PSYoungGen      total 20480K, used 480K [0x00000006aab00000, 0x00000006ac180000, 0x0000000800000000)
  eden space 19968K, 0% used [0x00000006aab00000,0x00000006aab00000,0x00000006abe80000)
  from space 512K, 93% used [0x00000006ac080000,0x00000006ac0f8020,0x00000006ac100000)
  to   space 512K, 0% used [0x00000006ac100000,0x00000006ac100000,0x00000006ac180000)
 ParOldGen       total 68608K, used 54326K [0x0000000400000000, 0x0000000404300000, 0x00000006aab00000)
  object space 68608K, 79% used [0x0000000400000000,0x000000040350d918,0x0000000404300000)
 Metaspace       used 70786K, committed 72192K, reserved 1114112K
  class space    used 7392K, committed 8000K, reserved 1048576K
}
Event: 988.025 GC heap before
{Heap before GC invocations=47 (full 3):
 PSYoungGen      total 20480K, used 20448K [0x00000006aab00000, 0x00000006ac180000, 0x0000000800000000)
  eden space 19968K, 100% used [0x00000006aab00000,0x00000006abe80000,0x00000006abe80000)
  from space 512K, 93% used [0x00000006ac080000,0x00000006ac0f8020,0x00000006ac100000)
  to   space 512K, 0% used [0x00000006ac100000,0x00000006ac100000,0x00000006ac180000)
 ParOldGen       total 68608K, used 54326K [0x0000000400000000, 0x0000000404300000, 0x00000006aab00000)
  object space 68608K, 79% used [0x0000000400000000,0x000000040350d918,0x0000000404300000)
 Metaspace       used 71171K, committed 72640K, reserved 1114112K
  class space    used 7426K, committed 8064K, reserved 1048576K
}
Event: 988.028 GC heap after
{Heap after GC invocations=47 (full 3):
 PSYoungGen      total 20480K, used 490K [0x00000006aab00000, 0x00000006ac180000, 0x0000000800000000)
  eden space 19968K, 0% used [0x00000006aab00000,0x00000006aab00000,0x00000006abe80000)
  from space 512K, 95% used [0x00000006ac100000,0x00000006ac17aa08,0x00000006ac180000)
  to   space 1024K, 0% used [0x00000006abf80000,0x00000006abf80000,0x00000006ac080000)
 ParOldGen       total 68608K, used 54782K [0x0000000400000000, 0x0000000404300000, 0x00000006aab00000)
  object space 68608K, 79% used [0x0000000400000000,0x000000040357f948,0x0000000404300000)
 Metaspace       used 71171K, committed 72640K, reserved 1114112K
  class space    used 7426K, committed 8064K, reserved 1048576K
}
Event: 989.894 GC heap before
{Heap before GC invocations=48 (full 3):
 PSYoungGen      total 20480K, used 20458K [0x00000006aab00000, 0x00000006ac180000, 0x0000000800000000)
  eden space 19968K, 100% used [0x00000006aab00000,0x00000006abe80000,0x00000006abe80000)
  from space 512K, 95% used [0x00000006ac100000,0x00000006ac17aa08,0x00000006ac180000)
  to   space 1024K, 0% used [0x00000006abf80000,0x00000006abf80000,0x00000006ac080000)
 ParOldGen       total 68608K, used 54782K [0x0000000400000000, 0x0000000404300000, 0x00000006aab00000)
  object space 68608K, 79% used [0x0000000400000000,0x000000040357f948,0x0000000404300000)
 Metaspace       used 73958K, committed 75520K, reserved 1179648K
  class space    used 7803K, committed 8448K, reserved 1048576K
}
Event: 989.897 GC heap after
{Heap after GC invocations=48 (full 3):
 PSYoungGen      total 20992K, used 1018K [0x00000006aab00000, 0x00000006ac280000, 0x0000000800000000)
  eden space 19968K, 0% used [0x00000006aab00000,0x00000006aab00000,0x00000006abe80000)
  from space 1024K, 99% used [0x00000006abf80000,0x00000006ac07ead8,0x00000006ac080000)
  to   space 2048K, 0% used [0x00000006ac080000,0x00000006ac080000,0x00000006ac280000)
 ParOldGen       total 68608K, used 55459K [0x0000000400000000, 0x0000000404300000, 0x00000006aab00000)
  object space 68608K, 80% used [0x0000000400000000,0x0000000403628cd8,0x0000000404300000)
 Metaspace       used 73958K, committed 75520K, reserved 1179648K
  class space    used 7803K, committed 8448K, reserved 1048576K
}
Event: 995.708 GC heap before
{Heap before GC invocations=49 (full 3):
 PSYoungGen      total 20992K, used 20982K [0x00000006aab00000, 0x00000006ac280000, 0x0000000800000000)
  eden space 19968K, 99% used [0x00000006aab00000,0x00000006abe7ef40,0x00000006abe80000)
  from space 1024K, 99% used [0x00000006abf80000,0x00000006ac07ead8,0x00000006ac080000)
  to   space 2048K, 0% used [0x00000006ac080000,0x00000006ac080000,0x00000006ac280000)
 ParOldGen       total 68608K, used 55459K [0x0000000400000000, 0x0000000404300000, 0x00000006aab00000)
  object space 68608K, 80% used [0x0000000400000000,0x0000000403628cd8,0x0000000404300000)
 Metaspace       used 74333K, committed 75968K, reserved 1179648K
  class space    used 7842K, committed 8512K, reserved 1048576K
}
Event: 995.711 GC heap after
{Heap after GC invocations=49 (full 3):
 PSYoungGen      total 20992K, used 928K [0x00000006aab00000, 0x00000006ac180000, 0x0000000800000000)
  eden space 19968K, 0% used [0x00000006aab00000,0x00000006aab00000,0x00000006abe80000)
  from space 1024K, 90% used [0x00000006ac080000,0x00000006ac168060,0x00000006ac180000)
  to   space 1536K, 0% used [0x00000006abe80000,0x00000006abe80000,0x00000006ac000000)
 ParOldGen       total 68608K, used 56453K [0x0000000400000000, 0x0000000404300000, 0x00000006aab00000)
  object space 68608K, 82% used [0x0000000400000000,0x0000000403721768,0x0000000404300000)
 Metaspace       used 74333K, committed 75968K, reserved 1179648K
  class space    used 7842K, committed 8512K, reserved 1048576K
}
Event: 1045.546 GC heap before
{Heap before GC invocations=50 (full 3):
 PSYoungGen      total 20992K, used 20896K [0x00000006aab00000, 0x00000006ac180000, 0x0000000800000000)
  eden space 19968K, 100% used [0x00000006aab00000,0x00000006abe80000,0x00000006abe80000)
  from space 1024K, 90% used [0x00000006ac080000,0x00000006ac168060,0x00000006ac180000)
  to   space 1536K, 0% used [0x00000006abe80000,0x00000006abe80000,0x00000006ac000000)
 ParOldGen       total 68608K, used 56453K [0x0000000400000000, 0x0000000404300000, 0x00000006aab00000)
  object space 68608K, 82% used [0x0000000400000000,0x0000000403721768,0x0000000404300000)
 Metaspace       used 74499K, committed 76096K, reserved 1179648K
  class space    used 7844K, committed 8512K, reserved 1048576K
}
Event: 1045.629 GC heap after
{Heap after GC invocations=50 (full 3):
 PSYoungGen      total 21504K, used 160K [0x00000006aab00000, 0x00000006ac100000, 0x0000000800000000)
  eden space 19968K, 0% used [0x00000006aab00000,0x00000006aab00000,0x00000006abe80000)
  from space 1536K, 10% used [0x00000006abe80000,0x00000006abea8000,0x00000006ac000000)
  to   space 512K, 0% used [0x00000006ac080000,0x00000006ac080000,0x00000006ac100000)
 ParOldGen       total 68608K, used 57283K [0x0000000400000000, 0x0000000404300000, 0x00000006aab00000)
  object space 68608K, 83% used [0x0000000400000000,0x00000004037f0c58,0x0000000404300000)
 Metaspace       used 74499K, committed 76096K, reserved 1179648K
  class space    used 7844K, committed 8512K, reserved 1048576K
}
Event: 1183.845 GC heap before
{Heap before GC invocations=51 (full 3):
 PSYoungGen      total 21504K, used 20128K [0x00000006aab00000, 0x00000006ac100000, 0x0000000800000000)
  eden space 19968K, 100% used [0x00000006aab00000,0x00000006abe80000,0x00000006abe80000)
  from space 1536K, 10% used [0x00000006abe80000,0x00000006abea8000,0x00000006ac000000)
  to   space 512K, 0% used [0x00000006ac080000,0x00000006ac080000,0x00000006ac100000)
 ParOldGen       total 68608K, used 57283K [0x0000000400000000, 0x0000000404300000, 0x00000006aab00000)
  object space 68608K, 83% used [0x0000000400000000,0x00000004037f0c58,0x0000000404300000)
 Metaspace       used 74700K, committed 76352K, reserved 1179648K
  class space    used 7850K, committed 8512K, reserved 1048576K
}
Event: 1183.855 GC heap after
{Heap after GC invocations=51 (full 3):
 PSYoungGen      total 20480K, used 493K [0x00000006aab00000, 0x00000006ac180000, 0x0000000800000000)
  eden space 19968K, 0% used [0x00000006aab00000,0x00000006aab00000,0x00000006abe80000)
  from space 512K, 96% used [0x00000006ac080000,0x00000006ac0fb5c0,0x00000006ac100000)
  to   space 1536K, 0% used [0x00000006abe80000,0x00000006abe80000,0x00000006ac000000)
 ParOldGen       total 68608K, used 58105K [0x0000000400000000, 0x0000000404300000, 0x00000006aab00000)
  object space 68608K, 84% used [0x0000000400000000,0x00000004038be598,0x0000000404300000)
 Metaspace       used 74700K, committed 76352K, reserved 1179648K
  class space    used 7850K, committed 8512K, reserved 1048576K
}

Dll operation events (20 events):
Event: 0.555 Attempting to load shared library C:\Users\INFINITY\.vscode\extensions\redhat.java-1.56.0-win32-x64\jre\21.0.12.1-win32-x86_64\bin\instrument.dll
Event: 0.555 Loaded shared library C:\Users\INFINITY\.vscode\extensions\redhat.java-1.56.0-win32-x64\jre\21.0.12.1-win32-x86_64\bin\instrument.dll
Event: 0.560 Attempting to load shared library C:\Users\INFINITY\.vscode\extensions\redhat.java-1.56.0-win32-x64\jre\21.0.12.1-win32-x86_64\bin\net.dll
Event: 0.562 Loaded shared library C:\Users\INFINITY\.vscode\extensions\redhat.java-1.56.0-win32-x64\jre\21.0.12.1-win32-x86_64\bin\net.dll
Event: 0.566 Attempting to load shared library C:\Users\INFINITY\.vscode\extensions\redhat.java-1.56.0-win32-x64\jre\21.0.12.1-win32-x86_64\bin\nio.dll
Event: 0.567 Loaded shared library C:\Users\INFINITY\.vscode\extensions\redhat.java-1.56.0-win32-x64\jre\21.0.12.1-win32-x86_64\bin\nio.dll
Event: 0.572 Attempting to load shared library C:\Users\INFINITY\.vscode\extensions\redhat.java-1.56.0-win32-x64\jre\21.0.12.1-win32-x86_64\bin\zip.dll
Event: 0.572 Loaded shared library C:\Users\INFINITY\.vscode\extensions\redhat.java-1.56.0-win32-x64\jre\21.0.12.1-win32-x86_64\bin\zip.dll
Event: 0.597 Attempting to load shared library C:\Users\INFINITY\.vscode\extensions\redhat.java-1.56.0-win32-x64\jre\21.0.12.1-win32-x86_64\bin\jimage.dll
Event: 0.597 Loaded shared library C:\Users\INFINITY\.vscode\extensions\redhat.java-1.56.0-win32-x64\jre\21.0.12.1-win32-x86_64\bin\jimage.dll
Event: 0.732 Attempting to load shared library c:\Users\INFINITY\.vscode\extensions\redhat.java-1.56.0-win32-x64\jre\21.0.12.1-win32-x86_64\bin\verify.dll
Event: 0.733 Loaded shared library c:\Users\INFINITY\.vscode\extensions\redhat.java-1.56.0-win32-x64\jre\21.0.12.1-win32-x86_64\bin\verify.dll
Event: 2.992 Attempting to load shared library C:\Users\INFINITY\AppData\Roaming\Code\User\globalStorage\redhat.java\1.56.0\config_win\org.eclipse.equinox.launcher\org.eclipse.equinox.launcher.win32.win32.x86_64_1.3.100.v20260804-1928\eclipse_11924.dll
Event: 2.994 Loaded shared library C:\Users\INFINITY\AppData\Roaming\Code\User\globalStorage\redhat.java\1.56.0\config_win\org.eclipse.equinox.launcher\org.eclipse.equinox.launcher.win32.win32.x86_64_1.3.100.v20260804-1928\eclipse_11924.dll
Event: 5.180 Attempting to load shared library C:\Users\INFINITY\AppData\Local\Temp\jna--1997742138\jna4806313038849495209.dll
Event: 5.336 Loaded shared library C:\Users\INFINITY\AppData\Local\Temp\jna--1997742138\jna4806313038849495209.dll
Event: 8.895 Attempting to load shared library C:\Users\INFINITY\.vscode\extensions\redhat.java-1.56.0-win32-x64\jre\21.0.12.1-win32-x86_64\bin\sunmscapi.dll
Event: 8.901 Loaded shared library C:\Users\INFINITY\.vscode\extensions\redhat.java-1.56.0-win32-x64\jre\21.0.12.1-win32-x86_64\bin\sunmscapi.dll
Event: 9.797 Attempting to load shared library C:\Users\INFINITY\.vscode\extensions\redhat.java-1.56.0-win32-x64\jre\21.0.12.1-win32-x86_64\bin\extnet.dll
Event: 9.798 Loaded shared library C:\Users\INFINITY\.vscode\extensions\redhat.java-1.56.0-win32-x64\jre\21.0.12.1-win32-x86_64\bin\extnet.dll

Deoptimization events (20 events):
Event: 1090.440 Thread 0x0000024b9c451eb0 DEOPT PACKING pc=0x0000024b278c9d0c sp=0x0000007f62ffe040
Event: 1090.440 Thread 0x0000024b9c451eb0 DEOPT UNPACKING pc=0x0000024b26d76da2 sp=0x0000007f62ffdfd0 mode 2
Event: 1090.478 Thread 0x0000024b9c451eb0 DEOPT PACKING pc=0x0000024b20ab7e4a sp=0x0000007f62ffd540
Event: 1090.478 Thread 0x0000024b9c451eb0 DEOPT UNPACKING pc=0x0000024b26d778e2 sp=0x0000007f62ffc9e0 mode 0
Event: 1091.176 Thread 0x0000024b9c450b00 Uncommon trap: trap_request=0xffffffd6 fr.pc=0x0000024b27acb828 relative=0x0000000000000648
Event: 1091.176 Thread 0x0000024b9c450b00 Uncommon trap: reason=array_check action=maybe_recompile pc=0x0000024b27acb828 method=java.util.TimSort.binarySort([Ljava/lang/Object;IIILjava/util/Comparator;)V @ 193 c2
Event: 1091.176 Thread 0x0000024b9c450b00 DEOPT PACKING pc=0x0000024b27acb828 sp=0x0000007f626fe350
Event: 1091.176 Thread 0x0000024b9c450b00 DEOPT UNPACKING pc=0x0000024b26d76da2 sp=0x0000007f626fe2f8 mode 2
Event: 1091.177 Thread 0x0000024b9c450b00 Uncommon trap: trap_request=0xffffffd6 fr.pc=0x0000024b27acb828 relative=0x0000000000000648
Event: 1091.177 Thread 0x0000024b9c450b00 Uncommon trap: reason=array_check action=maybe_recompile pc=0x0000024b27acb828 method=java.util.TimSort.binarySort([Ljava/lang/Object;IIILjava/util/Comparator;)V @ 193 c2
Event: 1091.177 Thread 0x0000024b9c450b00 DEOPT PACKING pc=0x0000024b27acb828 sp=0x0000007f626fe120
Event: 1091.177 Thread 0x0000024b9c450b00 DEOPT UNPACKING pc=0x0000024b26d76da2 sp=0x0000007f626fe0c8 mode 2
Event: 1091.178 Thread 0x0000024b9c450b00 Uncommon trap: trap_request=0xffffffd6 fr.pc=0x0000024b2795af98 relative=0x00000000000006b8
Event: 1091.178 Thread 0x0000024b9c450b00 Uncommon trap: reason=array_check action=maybe_recompile pc=0x0000024b2795af98 method=java.util.TimSort.binarySort([Ljava/lang/Object;IIILjava/util/Comparator;)V @ 193 c2
Event: 1091.178 Thread 0x0000024b9c450b00 DEOPT PACKING pc=0x0000024b2795af98 sp=0x0000007f626fde20
Event: 1091.179 Thread 0x0000024b9c450b00 DEOPT UNPACKING pc=0x0000024b26d76da2 sp=0x0000007f626fddb8 mode 2
Event: 1175.979 Thread 0x0000024ba6675040 DEOPT PACKING pc=0x0000024b20bfae47 sp=0x0000007f629fe090
Event: 1175.979 Thread 0x0000024ba6675040 DEOPT UNPACKING pc=0x0000024b26d778e2 sp=0x0000007f629fd540 mode 0
Event: 1395.724 Thread 0x0000024ba66763f0 DEOPT PACKING pc=0x0000024b20c0cb92 sp=0x0000007f60afdd10
Event: 1395.724 Thread 0x0000024ba66763f0 DEOPT UNPACKING pc=0x0000024b26d778e2 sp=0x0000007f60afd1b8 mode 0

Classes loaded (20 events):
Event: 607.738 Loading class java/util/stream/DistinctOps
Event: 607.738 Loading class java/util/stream/DistinctOps done
Event: 607.738 Loading class java/util/stream/DistinctOps$1
Event: 607.741 Loading class java/util/stream/DistinctOps$1 done
Event: 607.743 Loading class java/util/stream/DistinctOps$1$2
Event: 607.748 Loading class java/util/stream/DistinctOps$1$2 done
Event: 608.120 Loading class java/lang/Throwable$WrappedPrintWriter
Event: 608.121 Loading class java/lang/Throwable$PrintStreamOrWriter
Event: 608.121 Loading class java/lang/Throwable$PrintStreamOrWriter done
Event: 608.121 Loading class java/lang/Throwable$WrappedPrintWriter done
Event: 608.141 Loading class java/lang/StackStreamFactory$CallerClassFinder
Event: 608.143 Loading class java/lang/StackStreamFactory$CallerClassFinder done
Event: 608.143 Loading class java/lang/StackStreamFactory$CallerClassFinder$ClassBuffer
Event: 608.144 Loading class java/lang/StackStreamFactory$CallerClassFinder$ClassBuffer done
Event: 988.171 Loading class java/util/function/IntPredicate
Event: 988.171 Loading class java/util/function/IntPredicate done
Event: 988.217 Loading class java/util/regex/Pattern$Bound
Event: 988.217 Loading class java/util/regex/Pattern$Bound done
Event: 991.335 Loading class java/nio/file/Files$2
Event: 991.335 Loading class java/nio/file/Files$2 done

Classes unloaded (10 events):
Event: 6.229 Thread 0x0000024b1c6abf50 Unloading class 0x0000024b551a8c00 'java/lang/invoke/LambdaForm$MH+0x0000024b551a8c00'
Event: 6.229 Thread 0x0000024b1c6abf50 Unloading class 0x0000024b551a8800 'java/lang/invoke/LambdaForm$MH+0x0000024b551a8800'
Event: 6.229 Thread 0x0000024b1c6abf50 Unloading class 0x0000024b551a8400 'java/lang/invoke/LambdaForm$MH+0x0000024b551a8400'
Event: 6.229 Thread 0x0000024b1c6abf50 Unloading class 0x0000024b551a8000 'java/lang/invoke/LambdaForm$MH+0x0000024b551a8000'
Event: 6.229 Thread 0x0000024b1c6abf50 Unloading class 0x0000024b551a7c00 'java/lang/invoke/LambdaForm$BMH+0x0000024b551a7c00'
Event: 6.229 Thread 0x0000024b1c6abf50 Unloading class 0x0000024b551a7800 'java/lang/invoke/LambdaForm$DMH+0x0000024b551a7800'
Event: 6.229 Thread 0x0000024b1c6abf50 Unloading class 0x0000024b551a6400 'java/lang/invoke/LambdaForm$DMH+0x0000024b551a6400'
Event: 18.459 Thread 0x0000024b1c6abf50 Unloading class 0x0000024b55641400 'java/lang/invoke/LambdaForm$MH+0x0000024b55641400'
Event: 18.459 Thread 0x0000024b1c6abf50 Unloading class 0x0000024b55640800 'java/lang/invoke/LambdaForm$MH+0x0000024b55640800'
Event: 18.459 Thread 0x0000024b1c6abf50 Unloading class 0x0000024b55640000 'java/lang/invoke/LambdaForm$MH+0x0000024b55640000'

Classes redefined (0 events):
No events

Internal exceptions (20 events):
Event: 1183.860 Thread 0x0000024ba6678b50 Implicit null exception at 0x0000024b208e789f to 0x0000024b208e7e65
Event: 1183.860 Thread 0x0000024ba6678b50 Exception <a 'java/lang/NullPointerException'{0x00000006aabc4db8}> (0x00000006aabc4db8) 
thrown [s\src\hotspot\share\runtime\sharedRuntime.cpp, line 625]
Event: 1183.860 Thread 0x0000024ba6678b50 Implicit null exception at 0x0000024b208e789f to 0x0000024b208e7e65
Event: 1183.860 Thread 0x0000024ba6678b50 Exception <a 'java/lang/NullPointerException'{0x00000006aabc6698}> (0x00000006aabc6698) 
thrown [s\src\hotspot\share\runtime\sharedRuntime.cpp, line 625]
Event: 1184.298 Thread 0x0000024b9c450b00 Implicit null exception at 0x0000024b208e789f to 0x0000024b208e7e65
Event: 1184.298 Thread 0x0000024b9c450b00 Exception <a 'java/lang/NullPointerException'{0x00000006aae54588}> (0x00000006aae54588) 
thrown [s\src\hotspot\share\runtime\sharedRuntime.cpp, line 625]
Event: 1184.298 Thread 0x0000024b9c450b00 Implicit null exception at 0x0000024b208e789f to 0x0000024b208e7e65
Event: 1184.298 Thread 0x0000024b9c450b00 Exception <a 'java/lang/NullPointerException'{0x00000006aae54970}> (0x00000006aae54970) 
thrown [s\src\hotspot\share\runtime\sharedRuntime.cpp, line 625]
Event: 1184.298 Thread 0x0000024b9c450b00 Implicit null exception at 0x0000024b208e789f to 0x0000024b208e7e65
Event: 1184.298 Thread 0x0000024b9c450b00 Exception <a 'java/lang/NullPointerException'{0x00000006aae54d58}> (0x00000006aae54d58) 
thrown [s\src\hotspot\share\runtime\sharedRuntime.cpp, line 625]
Event: 1184.299 Thread 0x0000024b9c450b00 Implicit null exception at 0x0000024b208e789f to 0x0000024b208e7e65
Event: 1184.299 Thread 0x0000024b9c450b00 Exception <a 'java/lang/NullPointerException'{0x00000006aae56308}> (0x00000006aae56308) 
thrown [s\src\hotspot\share\runtime\sharedRuntime.cpp, line 625]
Event: 1184.329 Thread 0x0000024b9c450b00 Implicit null exception at 0x0000024b208e789f to 0x0000024b208e7e65
Event: 1184.329 Thread 0x0000024b9c450b00 Exception <a 'java/lang/NullPointerException'{0x00000006aaf8a940}> (0x00000006aaf8a940) 
thrown [s\src\hotspot\share\runtime\sharedRuntime.cpp, line 625]
Event: 1184.329 Thread 0x0000024b9c450b00 Implicit null exception at 0x0000024b208e789f to 0x0000024b208e7e65
Event: 1184.329 Thread 0x0000024b9c450b00 Exception <a 'java/lang/NullPointerException'{0x00000006aaf8ad28}> (0x00000006aaf8ad28) 
thrown [s\src\hotspot\share\runtime\sharedRuntime.cpp, line 625]
Event: 1184.329 Thread 0x0000024b9c450b00 Implicit null exception at 0x0000024b208e789f to 0x0000024b208e7e65
Event: 1184.329 Thread 0x0000024b9c450b00 Exception <a 'java/lang/NullPointerException'{0x00000006aaf8b110}> (0x00000006aaf8b110) 
thrown [s\src\hotspot\share\runtime\sharedRuntime.cpp, line 625]
Event: 1184.329 Thread 0x0000024b9c450b00 Implicit null exception at 0x0000024b208e789f to 0x0000024b208e7e65
Event: 1184.329 Thread 0x0000024b9c450b00 Exception <a 'java/lang/NullPointerException'{0x00000006aaf8c468}> (0x00000006aaf8c468) 
thrown [s\src\hotspot\share\runtime\sharedRuntime.cpp, line 625]

ZGC Phase Switch (0 events):
No events

VM Operations (20 events):
Event: 1742.983 Executing non-safepoint VM operation: RendezvousGCThreads
Event: 1742.983 Executing non-safepoint VM operation: RendezvousGCThreads done
Event: 1803.021 Executing non-safepoint VM operation: HandshakeAllThreads (HandshakeForDeflation)
Event: 1803.022 Executing non-safepoint VM operation: HandshakeAllThreads (HandshakeForDeflation) done
Event: 1803.022 Executing non-safepoint VM operation: RendezvousGCThreads
Event: 1803.022 Executing non-safepoint VM operation: RendezvousGCThreads done
Event: 1831.309 Executing safepoint VM operation: Cleanup
Event: 1831.309 Executing safepoint VM operation: Cleanup done
Event: 1844.471 Executing safepoint VM operation: Cleanup
Event: 1844.471 Executing safepoint VM operation: Cleanup done
Event: 1883.882 Executing safepoint VM operation: Cleanup
Event: 1883.882 Executing safepoint VM operation: Cleanup done
Event: 2062.263 Executing non-safepoint VM operation: HandshakeAllThreads (HandshakeForDeflation)
Event: 2062.263 Executing non-safepoint VM operation: HandshakeAllThreads (HandshakeForDeflation) done
Event: 2062.376 Executing non-safepoint VM operation: RendezvousGCThreads
Event: 2062.376 Executing non-safepoint VM operation: RendezvousGCThreads done
Event: 32541.752 Executing non-safepoint VM operation: HandshakeAllThreads (HandshakeForDeflation)
Event: 32541.752 Executing non-safepoint VM operation: HandshakeAllThreads (HandshakeForDeflation) done
Event: 32541.752 Executing non-safepoint VM operation: RendezvousGCThreads
Event: 32541.752 Executing non-safepoint VM operation: RendezvousGCThreads done

Memory protections (0 events):
No events

Nmethod flushes (20 events):
Event: 18.484 Thread 0x0000024b1c6abf50 flushing  nmethod 0x0000024b200d1a90
Event: 18.484 Thread 0x0000024b1c6abf50 flushing  nmethod 0x0000024b200d9b10
Event: 18.484 Thread 0x0000024b1c6abf50 flushing  nmethod 0x0000024b200da390
Event: 18.484 Thread 0x0000024b1c6abf50 flushing  nmethod 0x0000024b200da910
Event: 18.484 Thread 0x0000024b1c6abf50 flushing  nmethod 0x0000024b200dbb10
Event: 18.484 Thread 0x0000024b1c6abf50 flushing  nmethod 0x0000024b200dd510
Event: 18.484 Thread 0x0000024b1c6abf50 flushing  nmethod 0x0000024b200dd990
Event: 18.484 Thread 0x0000024b1c6abf50 flushing  nmethod 0x0000024b200ddf10
Event: 18.484 Thread 0x0000024b1c6abf50 flushing  nmethod 0x0000024b200de410
Event: 18.484 Thread 0x0000024b1c6abf50 flushing  nmethod 0x0000024b200de790
Event: 18.484 Thread 0x0000024b1c6abf50 flushing  nmethod 0x0000024b200ded90
Event: 18.484 Thread 0x0000024b1c6abf50 flushing  nmethod 0x0000024b200df610
Event: 18.484 Thread 0x0000024b1c6abf50 flushing  nmethod 0x0000024b200e0a90
Event: 18.484 Thread 0x0000024b1c6abf50 flushing  nmethod 0x0000024b200e1290
Event: 18.484 Thread 0x0000024b1c6abf50 flushing  nmethod 0x0000024b200f4b90
Event: 18.484 Thread 0x0000024b1c6abf50 flushing  nmethod 0x0000024b200f9190
Event: 18.484 Thread 0x0000024b1c6abf50 flushing  nmethod 0x0000024b200f9810
Event: 18.484 Thread 0x0000024b1c6abf50 flushing  nmethod 0x0000024b2010aa90
Event: 18.484 Thread 0x0000024b1c6abf50 flushing  nmethod 0x0000024b2010af90
Event: 18.484 Thread 0x0000024b1c6abf50 flushing  nmethod 0x0000024b2010b510

Events (20 events):
Event: 1291.050 Thread 0x0000024ba6675d60 Thread exited: 0x0000024ba6675d60
Event: 1291.054 Thread 0x0000024b9c450b00 Thread added: 0x0000024ba6678b50
Event: 1291.055 Thread 0x0000024ba6678b50 Thread added: 0x0000024ba66756d0
Event: 1291.056 Thread 0x0000024ba6678b50 Thread exited: 0x0000024ba6678b50
Event: 1291.056 Thread 0x0000024ba66756d0 Thread exited: 0x0000024ba66756d0
Event: 1291.335 Thread 0x0000024ba6677e30 Thread exited: 0x0000024ba6677e30
Event: 1295.663 Thread 0x0000024ba667b940 Thread exited: 0x0000024ba667b940
Event: 1361.448 Thread 0x0000024ba66777a0 Thread exited: 0x0000024ba66777a0
Event: 1455.730 Thread 0x0000024ba66763f0 Thread exited: 0x0000024ba66763f0
Event: 1517.721 Thread 0x0000024b9c451eb0 Thread added: 0x0000024ba66777a0
Event: 1517.807 Thread 0x0000024ba66777a0 Thread added: 0x0000024ba6675d60
Event: 1517.808 Thread 0x0000024ba66777a0 Thread added: 0x0000024ba66763f0
Event: 1577.949 Thread 0x0000024ba6675d60 Thread exited: 0x0000024ba6675d60
Event: 1637.952 Thread 0x0000024ba66777a0 Thread exited: 0x0000024ba66777a0
Event: 1697.965 Thread 0x0000024ba66763f0 Thread exited: 0x0000024ba66763f0
Event: 1883.660 Thread 0x0000024b9c451eb0 Thread added: 0x0000024ba66777a0
Event: 1883.660 Thread 0x0000024ba66777a0 Thread added: 0x0000024ba6678b50
Event: 1883.663 Thread 0x0000024ba66777a0 Thread added: 0x0000024ba66763f0
Event: 32494.632 Thread 0x0000024ba6678b50 Thread exited: 0x0000024ba6678b50
Event: 32554.643 Thread 0x0000024ba66777a0 Thread exited: 0x0000024ba66777a0


Dynamic libraries:
0x00007ff7fbab0000 - 0x00007ff7fbabe000 	c:\Users\INFINITY\.vscode\extensions\redhat.java-1.56.0-win32-x64\jre\21.0.12.1-win32-x86_64\bin\java.exe
0x00007ffcac260000 - 0x00007ffcac4c7000 	C:\WINDOWS\SYSTEM32\ntdll.dll
0x00007ffcab0b0000 - 0x00007ffcab17b000 	C:\WINDOWS\System32\KERNEL32.DLL
0x00007ffca9980000 - 0x00007ffca9d82000 	C:\WINDOWS\System32\KERNELBASE.dll
0x00007ffca9820000 - 0x00007ffca996c000 	C:\WINDOWS\System32\ucrtbase.dll
0x00007ffc98b40000 - 0x00007ffc98b58000 	c:\Users\INFINITY\.vscode\extensions\redhat.java-1.56.0-win32-x64\jre\21.0.12.1-win32-x86_64\bin\jli.dll
0x00007ffcaa6c0000 - 0x00007ffcaa88f000 	C:\WINDOWS\System32\USER32.dll
0x00007ffca9e20000 - 0x00007ffca9e47000 	C:\WINDOWS\System32\win32u.dll
0x00007ffcab190000 - 0x00007ffcab1bb000 	C:\WINDOWS\System32\GDI32.dll
0x00007ffca9e50000 - 0x00007ffca9f79000 	C:\WINDOWS\System32\gdi32full.dll
0x00007ffca9520000 - 0x00007ffca95c3000 	C:\WINDOWS\System32\msvcp_win.dll
0x00007ffc983a0000 - 0x00007ffc983be000 	c:\Users\INFINITY\.vscode\extensions\redhat.java-1.56.0-win32-x64\jre\21.0.12.1-win32-x86_64\bin\VCRUNTIME140.dll
0x00007ffc8e460000 - 0x00007ffc8e6f0000 	C:\WINDOWS\WinSxS\amd64_microsoft.windows.common-controls_6595b64144ccf1df_6.0.26100.9278_none_3e0d1ba8e3303201\COMCTL32.dll
0x00007ffcab710000 - 0x00007ffcab7b9000 	C:\WINDOWS\System32\msvcrt.dll
0x00007ffcaa0a0000 - 0x00007ffcaa0d1000 	C:\WINDOWS\System32\IMM32.DLL
0x00007ffc98620000 - 0x00007ffc9862c000 	c:\Users\INFINITY\.vscode\extensions\redhat.java-1.56.0-win32-x64\jre\21.0.12.1-win32-x86_64\bin\vcruntime140_1.dll
0x00007ffc6fcc0000 - 0x00007ffc6fd4d000 	c:\Users\INFINITY\.vscode\extensions\redhat.java-1.56.0-win32-x64\jre\21.0.12.1-win32-x86_64\bin\msvcp140.dll
0x00007ffc22d20000 - 0x00007ffc23ac2000 	c:\Users\INFINITY\.vscode\extensions\redhat.java-1.56.0-win32-x64\jre\21.0.12.1-win32-x86_64\bin\server\jvm.dll
0x00007ffcaa500000 - 0x00007ffcaa5bc000 	C:\WINDOWS\System32\ADVAPI32.dll
0x00007ffcab7c0000 - 0x00007ffcab869000 	C:\WINDOWS\System32\sechost.dll
0x00007ffca9f80000 - 0x00007ffcaa098000 	C:\WINDOWS\System32\RPCRT4.dll
0x00007ffcaa980000 - 0x00007ffcaaa00000 	C:\WINDOWS\System32\WS2_32.dll
0x00007ffca92e0000 - 0x00007ffca933e000 	C:\WINDOWS\SYSTEM32\POWRPROF.dll
0x00007ffc9ddb0000 - 0x00007ffc9dde6000 	C:\WINDOWS\SYSTEM32\WINMM.dll
0x00007ffc9dd60000 - 0x00007ffc9dd6b000 	C:\WINDOWS\SYSTEM32\VERSION.dll
0x00007ffca92c0000 - 0x00007ffca92d5000 	C:\WINDOWS\SYSTEM32\UMPDC.dll
0x00007ffca80e0000 - 0x00007ffca80fb000 	C:\WINDOWS\SYSTEM32\kernel.appcore.dll
0x00007ffc95500000 - 0x00007ffc9550a000 	c:\Users\INFINITY\.vscode\extensions\redhat.java-1.56.0-win32-x64\jre\21.0.12.1-win32-x86_64\bin\jimage.dll
0x00007ffca69c0000 - 0x00007ffca6c0c000 	C:\WINDOWS\SYSTEM32\DBGHELP.DLL
0x00007ffcab1c0000 - 0x00007ffcab545000 	C:\WINDOWS\System32\combase.dll
0x00007ffcaa8a0000 - 0x00007ffcaa979000 	C:\WINDOWS\System32\OLEAUT32.dll
0x00007ffc8c200000 - 0x00007ffc8c23b000 	C:\WINDOWS\SYSTEM32\dbgcore.DLL
0x00007ffca9760000 - 0x00007ffca980c000 	C:\WINDOWS\System32\bcryptPrimitives.dll
0x00007ffc95090000 - 0x00007ffc9509f000 	c:\Users\INFINITY\.vscode\extensions\redhat.java-1.56.0-win32-x64\jre\21.0.12.1-win32-x86_64\bin\instrument.dll
0x00007ffc94f90000 - 0x00007ffc94fb0000 	c:\Users\INFINITY\.vscode\extensions\redhat.java-1.56.0-win32-x64\jre\21.0.12.1-win32-x86_64\bin\java.dll
0x00007ffcab880000 - 0x00007ffcac018000 	C:\WINDOWS\System32\SHELL32.dll
0x00007ffca6e50000 - 0x00007ffca76fe000 	C:\WINDOWS\SYSTEM32\windows.storage.dll
0x00007ffcac120000 - 0x00007ffcac21b000 	C:\WINDOWS\System32\SHCORE.dll
0x00007ffcaa650000 - 0x00007ffcaa6b6000 	C:\WINDOWS\System32\shlwapi.dll
0x00007ffca9380000 - 0x00007ffca93a9000 	C:\WINDOWS\SYSTEM32\profapi.dll
0x00007ffc84da0000 - 0x00007ffc84db8000 	c:\Users\INFINITY\.vscode\extensions\redhat.java-1.56.0-win32-x64\jre\21.0.12.1-win32-x86_64\bin\zip.dll
0x00007ffc94f80000 - 0x00007ffc94f90000 	C:\Users\INFINITY\.vscode\extensions\redhat.java-1.56.0-win32-x64\jre\21.0.12.1-win32-x86_64\bin\net.dll
0x00007ffca0040000 - 0x00007ffca016a000 	C:\WINDOWS\SYSTEM32\WINHTTP.dll
0x00007ffca86c0000 - 0x00007ffca872c000 	C:\WINDOWS\system32\mswsock.dll
0x00007ffc7b340000 - 0x00007ffc7b356000 	C:\Users\INFINITY\.vscode\extensions\redhat.java-1.56.0-win32-x64\jre\21.0.12.1-win32-x86_64\bin\nio.dll
0x00007ffc8c920000 - 0x00007ffc8c930000 	c:\Users\INFINITY\.vscode\extensions\redhat.java-1.56.0-win32-x64\jre\21.0.12.1-win32-x86_64\bin\verify.dll
0x00007ffc75ef0000 - 0x00007ffc75f35000 	C:\Users\INFINITY\AppData\Roaming\Code\User\globalStorage\redhat.java\1.56.0\config_win\org.eclipse.equinox.launcher\org.eclipse.equinox.launcher.win32.win32.x86_64_1.3.100.v20260804-1928\eclipse_11924.dll
0x00007ffcaa0f0000 - 0x00007ffcaa28a000 	C:\WINDOWS\System32\ole32.dll
0x00007ffca89d0000 - 0x00007ffca89eb000 	C:\WINDOWS\SYSTEM32\CRYPTSP.dll
0x00007ffca8040000 - 0x00007ffca8079000 	C:\WINDOWS\system32\rsaenh.dll
0x00007ffca8770000 - 0x00007ffca87a4000 	C:\WINDOWS\SYSTEM32\USERENV.dll
0x00007ffca9350000 - 0x00007ffca937a000 	C:\WINDOWS\SYSTEM32\bcrypt.dll
0x00007ffca89b0000 - 0x00007ffca89bc000 	C:\WINDOWS\SYSTEM32\CRYPTBASE.dll
0x00007ffca7a80000 - 0x00007ffca7ab3000 	C:\WINDOWS\SYSTEM32\IPHLPAPI.DLL
0x00007ffcaa0e0000 - 0x00007ffcaa0ea000 	C:\WINDOWS\System32\NSI.dll
0x00007ffc69490000 - 0x00007ffc694d9000 	C:\Users\INFINITY\AppData\Local\Temp\jna--1997742138\jna4806313038849495209.dll
0x00007ffcab180000 - 0x00007ffcab188000 	C:\WINDOWS\System32\PSAPI.DLL
0x00007ffca1010000 - 0x00007ffca102d000 	C:\WINDOWS\SYSTEM32\dhcpcsvc6.DLL
0x00007ffca0fe0000 - 0x00007ffca1005000 	C:\WINDOWS\SYSTEM32\dhcpcsvc.DLL
0x00007ffc98310000 - 0x00007ffc9831e000 	C:\Users\INFINITY\.vscode\extensions\redhat.java-1.56.0-win32-x64\jre\21.0.12.1-win32-x86_64\bin\sunmscapi.dll
0x00007ffca95d0000 - 0x00007ffca974e000 	C:\WINDOWS\System32\CRYPT32.dll
0x00007ffca8c20000 - 0x00007ffca8c50000 	C:\WINDOWS\SYSTEM32\ncrypt.dll
0x00007ffca8bd0000 - 0x00007ffca8c0f000 	C:\WINDOWS\SYSTEM32\NTASN1.dll
0x00007ffca7b10000 - 0x00007ffca7c68000 	C:\WINDOWS\SYSTEM32\DNSAPI.dll
0x00007ffca84c0000 - 0x00007ffca84cd000 	C:\WINDOWS\SYSTEM32\DSPARSE.dll
0x00007ffc9dd70000 - 0x00007ffc9dd7b000 	C:\Windows\System32\rasadhlp.dll
0x00007ffc98300000 - 0x00007ffc98309000 	C:\Users\INFINITY\.vscode\extensions\redhat.java-1.56.0-win32-x64\jre\21.0.12.1-win32-x86_64\bin\extnet.dll

JVMTI agents:
c:\Users\INFINITY\.vscode\extensions\redhat.java-1.56.0-win32-x64\lombok\lombok-1.18.39-4050.jar path:c:\Users\INFINITY\.vscode\extensions\redhat.java-1.56.0-win32-x64\jre\21.0.12.1-win32-x86_64\bin\instrument.dll, loaded, initialized, instrumentlib options:none

dbghelp: loaded successfully - version: 4.0.5 - missing functions: none
symbol engine: initialized successfully - sym options: 0x614 - pdb path: .;c:\Users\INFINITY\.vscode\extensions\redhat.java-1.56.0-win32-x64\jre\21.0.12.1-win32-x86_64\bin;C:\WINDOWS\SYSTEM32;C:\WINDOWS\WinSxS\amd64_microsoft.windows.common-controls_6595b64144ccf1df_6.0.26100.9278_none_3e0d1ba8e3303201;c:\Users\INFINITY\.vscode\extensions\redhat.java-1.56.0-win32-x64\jre\21.0.12.1-win32-x86_64\bin\server;C:\Users\INFINITY\AppData\Roaming\Code\User\globalStorage\redhat.java\1.56.0\config_win\org.eclipse.equinox.launcher\org.eclipse.equinox.launcher.win32.win32.x86_64_1.3.100.v20260804-1928;C:\Users\INFINITY\AppData\Local\Temp\jna--1997742138

VM Arguments:
jvm_args: --add-modules=ALL-SYSTEM --add-opens=java.base/java.util=ALL-UNNAMED --add-opens=java.base/java.lang=ALL-UNNAMED --add-opens=java.base/sun.nio.fs=ALL-UNNAMED -Declipse.application=org.eclipse.jdt.ls.core.id1 -Dosgi.bundles.defaultStartLevel=4 -Declipse.product=org.eclipse.jdt.ls.core.product -Djava.import.generatesMetadataFilesAtProjectRoot=false -Dm2e.project.cache.size=50 -DDetectVMInstallationsJob.disabled=true -Dfile.encoding=utf8 -XX:+UseParallelGC -XX:GCTimeRatio=4 -XX:AdaptiveSizePolicyWeight=90 -Dsun.zip.disableMemoryMapping=true -Xmx16G -Xms100m -Xlog:disable -javaagent:c:\Users\INFINITY\.vscode\extensions\redhat.java-1.56.0-win32-x64\lombok\lombok-1.18.39-4050.jar -XX:+HeapDumpOnOutOfMemoryError -XX:HeapDumpPath=c:\Users\INFINITY\AppData\Roaming\Code\User\workspaceStorage\f4913c80ee456328dc24c885f99a7559\redhat.java -Daether.dependencyCollector.impl=bf 
java_command: c:\Users\INFINITY\.vscode\extensions\redhat.java-1.56.0-win32-x64\server\plugins\org.eclipse.equinox.launcher_1.8.0.v20260804-1928.jar -configuration c:\Users\INFINITY\AppData\Roaming\Code\User\globalStorage\redhat.java\1.56.0\config_win -data c:\Users\INFINITY\AppData\Roaming\Code\User\workspaceStorage\f4913c80ee456328dc24c885f99a7559\redhat.java\jdt_ws --stdio
java_class_path (initial): c:\Users\INFINITY\.vscode\extensions\redhat.java-1.56.0-win32-x64\server\plugins\org.eclipse.equinox.launcher_1.8.0.v20260804-1928.jar
Launcher Type: SUN_STANDARD

[Global flags]
    uintx AdaptiveSizePolicyWeight                 = 90                                        {product} {command line}
     intx CICompilerCount                          = 3                                         {product} {ergonomic}
    uintx GCTimeRatio                              = 4                                         {product} {command line}
     bool HeapDumpOnOutOfMemoryError               = true                                   {manageable} {command line}
    ccstr HeapDumpPath                             = c:\Users\INFINITY\AppData\Roaming\Code\User\workspaceStorage\f4913c80ee456328dc24c885f99a7559\redhat.java         {manageable} {command line}
   size_t InitialHeapSize                          = 104857600                                 {product} {command line}
   size_t MaxHeapSize                              = 17179869184                               {product} {command line}
   size_t MaxNewSize                               = 5726273536                                {product} {ergonomic}
   size_t MinHeapDeltaBytes                        = 524288                                    {product} {ergonomic}
   size_t MinHeapSize                              = 104857600                                 {product} {command line}
   size_t NewSize                                  = 34603008                                  {product} {ergonomic}
    uintx NonNMethodCodeHeapSize                   = 5832780                                {pd product} {ergonomic}
    uintx NonProfiledCodeHeapSize                  = 122912730                              {pd product} {ergonomic}
   size_t OldSize                                  = 70254592                                  {product} {ergonomic}
    uintx ProfiledCodeHeapSize                     = 122912730                              {pd product} {ergonomic}
    uintx ReservedCodeCacheSize                    = 251658240                              {pd product} {ergonomic}
     bool SegmentedCodeCache                       = true                                      {product} {ergonomic}
   size_t SoftMaxHeapSize                          = 17179869184                            {manageable} {ergonomic}
     bool UseCompressedOops                        = true                           {product lp64_product} {ergonomic}
     bool UseLargePagesIndividualAllocation        = false                                  {pd product} {ergonomic}
     bool UseParallelGC                            = true                                      {product} {command line}

Logging:
Log output configuration:
 #0: stdout all=off uptime,level,tags foldmultilines=false
 #1: stderr all=off uptime,level,tags foldmultilines=false

Release file:
JAVA_VERSION="21.0.12.1" 
MODULES="java.base java.compiler java.datatransfer java.xml java.prefs java.desktop java.instrument java.logging java.management java.security.sasl java.naming java.rmi java.management.rmi java.net.http java.scripting java.security.jgss java.transaction.xa java.sql java.sql.rowset java.xml.crypto java.se java.smartcardio jdk.accessibility jdk.internal.jvmstat jdk.attach jdk.charsets jdk.internal.opt jdk.zipfs jdk.compiler jdk.crypto.ec jdk.crypto.cryptoki jdk.crypto.mscapi jdk.dynalink jdk.internal.ed jdk.editpad jdk.hotspot.agent jdk.httpserver jdk.internal.le jdk.internal.vm.ci jdk.internal.vm.compiler jdk.internal.vm.compiler.management jdk.jartool jdk.javadoc jdk.jcmd jdk.management jdk.management.agent jdk.jconsole jdk.jdeps jdk.jdwp.agent jdk.jdi jdk.jfr jdk.jshell jdk.jsobject jdk.jstatd jdk.localedata jdk.management.jfr jdk.naming.dns jdk.naming.rmi jdk.net jdk.nio.mapmode jdk.random jdk.sctp jdk.security.auth jdk.security.jgss jdk.unsupported jdk.unsupported.desktop jdk.xml.dom" 

Environment Variables:
PATH=C:\Python314\Scripts\;C:\Python314\;C:\Python312\Scripts\;C:\Python312\;C:\Program Files\Common Files\Oracle\Java\javapath;C:\WINDOWS\system32;C:\WINDOWS;C:\WINDOWS\System32\Wbem;C:\WINDOWS\System32\WindowsPowerShell\v1.0\;C:\WINDOWS\System32\OpenSSH\;D:\Apps\JDK\bin;C:\Program Files\Git\cmd;C:\ProgramData\chocolatey\bin;D:\Apps\Node.js\;C:\Program Files\Docker\Docker\resources\bin;D:\Apps\Scripts\;D:\Apps\;C:\Program Files\MySQL\MySQL Shell 8.0\bin\;C:\Users\INFINITY\AppData\Local\Microsoft\WindowsApps;D:\Apps\Microsoft VS Code\bin;D:\Apps\MongoDB Shell\mongosh-2.3.7-win32-x64\bin;C:\Users\INFINITY\AppData\Roaming\npm;C:\Users\INFINITY\AppData\Local\Kingsoft\WPS Office\12.1.0.27458\clitool;D:\Apps\cursor\resources\app\bin;D:\Apps\Antigravity IDE\bin
USERNAME=Mahesh
OS=Windows_NT
PROCESSOR_IDENTIFIER=Intel64 Family 6 Model 140 Stepping 1, GenuineIntel
TMP=C:\Users\INFINITY\AppData\Local\Temp
TEMP=C:\Users\INFINITY\AppData\Local\Temp




Periodic native trim disabled

---------------  S Y S T E M  ---------------

OS:
 Windows 11 , 64 bit Build 26100 (10.0.26100.9444)
OS uptime: 12 days 21:29 hours
Hyper-V role detected

CPU: total 4 (initial active 4) (2 cores per cpu, 2 threads per core) family 6 model 140 stepping 1 microcode 0xa4, cx8, cmov, fxsr, ht, mmx, 3dnowpref, sse, sse2, sse3, ssse3, sse4.1, sse4.2, popcnt, lzcnt, tsc, tscinvbit, avx, avx2, aes, erms, clmul, bmi1, bmi2, adx, avx512f, avx512dq, avx512cd, avx512bw, avx512vl, sha, fma, vzeroupper, avx512_vpopcntdq, avx512_vpclmulqdq, avx512_vaes, avx512_vnni, clflush, clflushopt, clwb, avx512_vbmi2, avx512_vbmi, hv, rdtscp, rdpid, fsrm, gfni, avx512_bitalg, f16c, cet_ibt, cet_ss, avx512_ifma
Processor Information for the first 4 processors :
  Max Mhz: 2995, Current Mhz: 2995, Mhz Limit: 2995

Memory: 4k page, system-wide physical 7886M (242M free)
TotalPageFile size 26101M (AvailPageFile size 1M)
current process WorkingSet (physical memory assigned to process): 123M, peak: 299M
current process commit charge ("private bytes"): 861M, peak: 878M

vm_info: OpenJDK 64-Bit Server VM (21.0.12.1+1-LTS) for windows-amd64 JRE (21.0.12.1+1-LTS), built on 2026-08-18T00:00:00Z by "admin" with MS VC++ 17.12 (VS2022)

END.
